+j5
[0;32mI (40) ï¿½ets Jul 29 2019 12:21:46

rst:0x1 (POWERON_RESET),boot:0x13 (SPI_FAST_FLASH_BOOT)
configsip: 0, SPIWP:0xee
clk_drv:0x00,q_drv:0x00,d_drv:0x00,cs0_drv:0x00,hd_drv:0x00,wp_drv:0x00
mode:DIO, clock div:2
load:0x3fff0030,len:7172
load:0x40078000,len:15540
load:0x40080400,len:4
ho 8 tail 4 room 4
load:0x40080404,len:3904
entry 0x40080640
[0;32mI (31) boot: ESP-IDF v5.2.1-dirty 2nd stage bootloader[0m
[0;32mI (31) boot: compile time May 10 2024 22:10:54[0m
[0;32mI (31) boot: Multicore bootloader[0m
[0;32mI (36) boot: chip revision: v3.0[0m
[0;32mI (40) boot.esp32: SPI Speed      : 40MHz[0m
[0;32mI (44) boot.esp32: SPI Mode       : DIO[0m
[0;32mI (49) boot.esp32: SPI Flash Size : 4MB[0m
[0;32mI (53) boot: Enabling RNG early entropy source...[0m
[0;32mI (59) boot: Partition Table:[0m
[0;32mI (62) boot: ## Label            Usage          Type ST Offset   Length[0m
[0;32mI (70) boot:  0 nvs              WiFi data        01 02 00009000 00006000[0m
[0;32mI (77) boot:  1 phy_init         RF data          01 01 0000f000 00001000[0m
[0;32mI (85) boot:  2 factory          factory app      00 00 00010000 00100000[0m
[0;32mI (92) boot: End of partition table[0m
[0;32mI (96) esp_image: segment 0: paddr=00010020 vaddr=3f400020 size=1d7f8h (120824) map[0m
[0;32mI (146) esp_image: segment 1: paddr=0002d820 vaddr=3ffb0000 size=023c4h (  9156) load[0m
[0;32mI (150) esp_image: segment 2: paddr=0002fbec vaddr=40080000 size=0042ch (  1068) load[0m
[0;32mI (152) esp_image: segment 3: paddr=00030020 vaddr=400d0020 size=510ach (331948) map[0m
[0;32mI (274) esp_image: segment 4: paddr=000810d4 vaddr=4008042c size=0cd00h ( 52480) load[0m
[0;32mI (302) boot: Loaded app from partition at offset 0x10000[0m
[0;32mI (302) boot: Disabling RNG early entropy source...[0m
[0;32mI (313) cpu_start: Multicore app[0m
[0;32mI (322) cpu_start: Pro cpu start user code[0m
[0;32mI (322) cpu_start: cpu freq: 160000000 Hz[0m
[0;32mI (322) cpu_start: Application information:[0m
[0;32mI (325) cpu_start: Project name:     test_mqtt[0m
[0;32mI (330) cpu_start: App version:      1[0m
[0;32mI (334) cpu_start: Compile time:     May 10 2024 22:10:29[0m
[0;32mI (341) cpu_start: ELF file SHA256:  b5093fbe1...[0m
[0;32mI (346) cpu_start: ESP-IDF:          v5.2.1-dirty[0m
[0;32mI (351) cpu_start: Min chip rev:     v0.0[0m
[0;32mI (356) cpu_start: Max chip rev:     v3.99 [0m
[0;32mI (361) cpu_start: Chip rev:         v3.0[0m
[0;32mI (366) heap_init: Initializing. RAM available for dynamic allocation:[0m
[0;32mI (373) heap_init: At 3FFAE6E0 len 00001920 (6 KiB): DRAM[0m
[0;32mI (379) heap_init: At 3FFB3A40 len 0002C5C0 (177 KiB): DRAM[0m
[0;32mI (385) heap_init: At 3FFE0440 len 00003AE0 (14 KiB): D/IRAM[0m
[0;32mI (391) heap_init: At 3FFE4350 len 0001BCB0 (111 KiB): D/IRAM[0m
[0;32mI (398) heap_init: At 4008D12C len 00012ED4 (75 KiB): IRAM[0m
[0;32mI (406) spi_flash: detected chip: generic[0m
[0;32mI (409) spi_flash: flash io: dio[0m
[0;33mW (413) ADC: legacy driver is deprecated, please migrate to `esp_adc/adc_oneshot.h`[0m
[0;32mI (422) main_task: Started on CPU0[0m
[0;32mI (432) main_task: Calling app_main()[0m
[0;32mI (432) gpio: GPIO[12]| InputEn: 1| OutputEn: 0| OpenDrain: 0| Pullup: 1| Pulldown: 0| Intr:0 [0m
[0;32mI (432) mqtt_example: Other event id:7[0m

assert failed: tcpip_send_msg_wait_sem /IDF/components/lwip/lwip/src/api/tcpip.c:449 (Invalid mbox)


Backtrace: 0x40081726:0x3ffb8b90 0x40085979:0x3ffb8bb0 0x4008bbf9:0x3ffb8bd0 0x400ff7e2:0x3ffb8cf0 0x4010c059:0x3ffb8d20 0x400fd7d5:0x3ffb8d60 0x400df496:0x3ffb8db0 0x400df7a3:0x3ffb8e10 0x400dfcf3:0x3ffb8e80 0x400e1039:0x3ffb8ea0 0x4011d2ed:0x3ffb8ec0 0x400d8979:0x3ffb8ee0 0x40086309:0x3ffb8f10




ELF file SHA256: b5093fbe1

Rebooting...
ets Jul 29 2019 12:21:46

rst:0xc (SW_CPU_RESET),boot:0x13 (SPI_FAST_FLASH_BOOT)
configsip: 0, SPIWP:0xee
clk_drv:0x00,q_drv:0x00,d_drv:0x00,cs0_drv:0x00,hd_drv:0x00,wp_drv:0x00
mode:DIO, clock div:2
load:0x3fff0030,len:7172
load:0x40078000,len:15540
load:0x40080400,len:4
ho 8 tail 4 room 4
load:0x40080404,len:3904
entry 0x40080640
[0;32mI (31) boot: ESP-IDF v5.2.1-dirty 2nd stage bootloader[0m
[0;32mI (31) boot: compile time May 10 2024 22:10:54[0m
[0;32mI (31) boot: Multicore bootloader[0m
[0;32mI (36) boot: chip revision: v3.0[0m
[0;32mI (40) boot.esp32: SPI Speed      : 40MHz[0m
[0;32mI (44) boot.esp32: SPI Mode       : DIO[0m
[0;32mI (49) boot.esp32: SPI Flash Size : 4MB[0m
[0;32mI (53) boot: Enabling RNG early entropy source...[0m
[0;32mI (59) boot: Partition Table:[0m
[0;32mI (62) boot: ## Label            Usage          Type ST Offset   Length[0m
[0;32mI (70) boot:  0 nvs              WiFi data        01 02 00009000 00006000[0m
[0;32mI (77) boot:  1 phy_init         RF data          01 01 0000f000 00001000[0m
[0;32mI (84) boot:  2 factory          factory app      00 00 00010000 00100000[0m
[0;32mI (92) boot: End of partition table[0m
[0;32mI (96) esp_image: segment 0: paddr=00010020 vaddr=3f400020 size=1d7f8h (120824) map[0m
[0;32mI (146) esp_image: segment 1: paddr=0002d820 vaddr=3ffb0000 size=023c4h (  9156) load[0m
[0;32mI (150) esp_image: segment 2: paddr=0002fbec vaddr=40080000 size=0042ch (  1068) load[0m
[0;32mI (152) esp_image: segment 3: paddr=00030020 vaddr=400d0020 size=510ach (331948) map[0m
[0;32mI (274) esp_image: segment 4: paddr=000810d4 vaddr=4008042c size=0cd00h ( 52480) load[0m
[0;32mI (301) boot: Loaded app from partition at offset 0x10000[0m
[0;32mI (302) boot: Disabling RNG early entropy source...[0m
[0;32mI (313) cpu_start: Multicore app[0m
[0;32mI (322) cpu_start: Pro cpu start user code[0m
[0;32mI (322) cpu_start: cpu freq: 160000000 Hz[0m
[0;32mI (322) cpu_start: Application information:[0m
[0;32mI (325) cpu_start: Project name:     test_mqtt[0m
[0;32mI (330) cpu_start: App version:      1[0m
[0;32mI (334) cpu_start: Compile time:     May 10 2024 22:10:29[0m
[0;32mI (340) cpu_start: ELF file SHA256:  b5093fbe1...[0m
[0;32mI (346) cpu_start: ESP-IDF:          v5.2.1-dirty[0m
[0;32mI (351) cpu_start: Min chip rev:     v0.0[0m
[0;32mI (356) cpu_start: Max chip rev:     v3.99 [0m
[0;32mI (361) cpu_start: Chip rev:         v3.0[0m
[0;32mI (366) heap_init: Initializing. RAM available for dynamic allocation:[0m
[0;32mI (373) heap_init: At 3FFAE6E0 len 00001920 (6 KiB): DRAM[0m
[0;32mI (379) heap_init: At 3FFB3A40 len 0002C5C0 (177 KiB): DRAM[0m
[0;32mI (385) heap_init: At 3FFE0440 len 00003AE0 (14 KiB): D/IRAM[0m
[0;32mI (391) heap_init: At 3FFE4350 len 0001BCB0 (111 KiB): D/IRAM[0m
[0;32mI (398) heap_init: At 4008D12C len 00012ED4 (75 KiB): IRAM[0m
[0;32mI (406) spi_flash: detected chip: generic[0m
[0;32mI (409) spi_flash: flash io: dio[0m
[0;33mW (413) ADC: legacy driver is deprecated, please migrate to `esp_adc/adc_oneshot.h`[0m
[0;32mI (422) main_task: Started on CPU0[0m
[0;32mI (432) main_task: Calling app_main()[0m
[0;32mI (432) gpio: GPIO[12]| InputEn: 1| OutputEn: 0| OpenDrain: 0| Pullup: 1| Pulldown: 0| Intr:0 [0m
[0;32mI (432) mqtt_example: Other event id:7[0m

assert failed: tcpip_send_msg_wait_sem /IDF/components/lwip/lwip/src/api/tcpip.c:449 (Invalid mbox)


Backtrace: 0x40081726:0x3ffb8b90 0x40085979:0x3ffb8bb0 0x4008bbf9:0x3ffb8bd0 0x400ff7e2:0x3ffb8cf0 0x4010c059:0x3ffb8d20 0x400fd7d5:0x3ffb8d60 0x400df496:0x3ffb8db0 0x400df7a3:0x3ffb8e10 0x400dfcf3:0x3ffb8e80 0x400e1039:0x3ffb8ea0 0x4011d2ed:0x3ffb8ec0 0x400d8979:0x3ffb8ee0 0x40086309:0x3ffb8f10




ELF file SHA256: b5093fbe1

Rebooting...
ets Jul 29 2019 12:21:46

rst:0xc (SW_CPU_RESET),boot:0x13 (SPI_FAST_FLASH_BOOT)
configsip: 0, SPIWP:0xee
clk_drv:0x00,q_drv:0x00,d_drv:0x00,cs0_drv:0x00,hd_drv:0x00,wp_drv:0x00
mode:DIO, clock div:2
load:0x3fff0030,len:7172
load:0x40078000,len:15540
load:0x40080400,len:4
ho 8 tail 4 room 4
load:0x40080404,len:3904
entry 0x40080640
[0;32mI (31) boot: ESP-IDF v5.2.1-dirty 2nd stage bootloader[0m
[0;32mI (31) boot: compile time May 10 2024 22:10:54[0m
[0;32mI (31) boot: Multicore bootloader[0m
[0;32mI (36) boot: chip revision: v3.0[0m
[0;32mI (40) boot.esp32: SPI Speed      : 40MHz[0m
[0;32mI (44) boot.esp32: SPI Mode       : DIO[0m
[0;32mI (49) boot.esp32: SPI Flash Size : 4MB[0m
[0;32mI (53) boot: Enabling RNG early entropy source...[0m
[0;32mI (59) boot: Partition Table:[0m
[0;32mI (62) boot: ## Label            Usage          Type ST Offset   Length[0m
[0;32mI (70) boot:  0 nvs              WiFi data        01 02 00009000 00006000[0m
[0;32mI (77) boot:  1 phy_init         RF data          01 01 0000f000 00001000[0m
[0;32mI (84) boot:  2 factory          factory app      00 00 00010000 00100000[0m
[0;32mI (92) boot: End of partition table[0m
[0;32mI (96) esp_image: segment 0: paddr=00010020 vaddr=3f400020 size=1d7f8h (120824) map[0m
[0;32mI (146) esp_image: segment 1: paddr=0002d820 vaddr=3ffb0000 size=023c4h (  9156) load[0m
[0;32mI (150) esp_image: segment 2: paddr=0002fbec vaddr=40080000 size=0042ch (  1068) load[0m
[0;32mI (152) esp_image: segment 3: paddr=00030020 vaddr=400d0020 size=510ach (331948) map[0m
[0;32mI (274) esp_image: segment 4: paddr=000810d4 vaddr=4008042c size=0cd00h ( 52480) load[0m
[0;32mI (301) boot: Loaded app from partition at offset 0x10000[0m
[0;32mI (302) boot: Disabling RNG early entropy source...[0m
[0;32mI (313) cpu_start: Multicore app[0m
[0;32mI (322) cpu_start: Pro cpu start user code[0m
[0;32mI (322) cpu_start: cpu freq: 160000000 Hz[0m
[0;32mI (322) cpu_start: Application information:[0m
[0;32mI (325) cpu_start: Project name:     test_mqtt[0m
[0;32mI (330) cpu_start: App version:      1[0m
[0;32mI (334) cpu_start: Compile time:     May 10 2024 22:10:29[0m
[0;32mI (340) cpu_start: ELF file SHA256:  b5093fbe1...[0m
[0;32mI (346) cpu_start: ESP-IDF:          v5.2.1-dirty[0m
[0;32mI (351) cpu_start: Min chip rev:     v0.0[0m
[0;32mI (356) cpu_start: Max chip rev:     v3.99 [0m
[0;32mI (361) cpu_start: Chip rev:         v3.0[0m
[0;32mI (366) heap_init: Initializing. RAM available for dynamic allocation:[0m
[0;32mI (373) heap_init: At 3FFAE6E0 len 00001920 (6 KiB): DRAM[0m
[0;32mI (379) heap_init: At 3FFB3A40 len 0002C5C0 (177 KiB): DRAM[0m
[0;32mI (385) heap_init: At 3FFE0440 len 00003AE0 (14 KiB): D/IRAM[0m
[0;32mI (391) heap_init: At 3FFE4350 len 0001BCB0 (111 KiB): D/IRAM[0m
[0;32mI (398) heap_init: At 4008D12C len 00012ED4 (75 KiB): IRAM[0m
[0;32mI (406) spi_flash: detected chip: generic[0m
[0;32mI (409) spi_flash: flash io: dio[0m
[0;33mW (413) ADC: legacy driver is deprecated, please migrate to `esp_adc/adc_oneshot.h`[0m
[0;32mI (422) main_task: Started on CPU0[0m
[0;32mI (432) main_task: Calling app_main()[0m
[0;32mI (432) gpio: GPIO[12]| InputEn: 1| OutputEn: 0| OpenDrain: 0| Pullup: 1| Pulldown: 0| Intr:0 [0m
[0;32mI (432) mqtt_example: Other event id:7[0m

assert failed: tcpip_send_msg_wait_sem /IDF/components/lwip/lwip/src/api/tcpip.c:449 (Invalid mbox)


Backtrace: 0x40081726:0x3ffb8b90 0x40085979:0x3ffb8bb0 0x4008bbf9:0x3ffb8bd0 0x400ff7e2:0x3ffb8cf0 0x4010c059:0x3ffb8d20 0x400fd7d5:0x3ffb8d60 0x400df496:0x3ffb8db0 0x400df7a3:0x3ffb8e10 0x400dfcf3:0x3ffb8e80 0x400e1039:0x3ffb8ea0 0x4011d2ed:0x3ffb8ec0 0x400d8979:0x3ffb8ee0 0x40086309:0x3ffb8f10




ELF file SHA256: b5093fbe1

Rebooting...
ets Jul 29 2019 12:21:46

rst:0xc (SW_CPU_RESET),boot:0x13 (SPI_FAST_FLASH_BOOT)
configsip: 0, SPIWP:0xee
clk_drv:0x00,q_drv:0x00,d_drv:0x00,cs0_drv:0x00,hd_drv:0x00,wp_drv:0x00
mode:DIO, clock div:2
load:0x3fff0030,len:7172
load:0x40078000,len:15540
load:0x40080400,len:4
ho 8 tail 4 room 4
load:0x40080404,len:3904
entry 0x40080640
[0;32mI (31) boot: ESP-IDF v5.2.1-dirty 2nd stage bootloader[0m
[0;32mI (31) boot: compile time May 10 2024 22:10:54[0m
[0;32mI (31) boot: Multicore bootloader[0m
[0;32mI (36) boot: chip revision: v3.0[0m
[0;32mI (40) boot.esp32: SPI Speed      : 40MHz[0m
[0;32mI (44) boot.esp32: SPI Mode       : DIO[0m
[0;32mI (49) boot.esp32: SPI Flash Size : 4MB[0m
[0;32mI (53) boot: Enabling RNG early entropy source...[0m
[0;32mI (59) boot: Partition Table:[0m
[0;32mI (62) boot: ## Label            Usage          Type ST Offset   Length[0m
[0;32mI (70) boot:  0 nvs              WiFi data        01 02 00009000 00006000[0m
[0;32mI (77) boot:  1 phy_init         RF data          01 01 0000f000 00001000[0m
[0;32mI (84) boot:  2 factory          factory app      00 00 00010000 00100000[0m
[0;32mI (92) boot: End of partition table[0m
[0;32mI (96) esp_image: segment 0: paddr=00010020 vaddr=3f400020 size=1d7f8h (120824) map[0m
[0;32mI (146) esp_image: segment 1: paddr=0002d820 vaddr=3ffb0000 size=023c4h (  9156) load[0m
[0;32mI (150) esp_image: segment 2: paddr=0002fbec vaddr=40080000 size=0042ch (  1068) load[0m
[0;32mI (152) esp_image: segment 3: paddr=00030020 vaddr=400d0020 size=510ach (331948) map[0m
[0;32mI (274) esp_image: segment 4: paddr=000810d4 vaddr=4008042c size=0cd00h ( 52480) load[0m
[0;32mI (301) boot: Loaded app from partition at offset 0x10000[0m
[0;32mI (302) boot: Disabling RNG early entropy source...[0m
[0;32mI (313) cpu_start: Multicore app[0m
[0;32mI (322) cpu_start: Pro cpu start user code[0m
[0;32mI (322) cpu_start: cpu freq: 160000000 Hz[0m
[0;32mI (322) cpu_start: Application information:[0m
[0;32mI (325) cpu_start: Project name:     test_mqtt[0m
[0;32mI (330) cpu_start: App version:      1[0m
[0;32mI (334) cpu_start: Compile time:     May 10 2024 22:10:29[0m
[0;32mI (341) cpu_start: ELF file SHA256:  b5093fbe1...[0m
[0;32mI (346) cpu_start: ESP-IDF:          v5.2.1-dirty[0m
[0;32mI (351) cpu_start: Min chip rev:     v0.0[0m
[0;32mI (356) cpu_start: Max chip rev:     v3.99 [0m
[0;32mI (361) cpu_start: Chip rev:         v3.0[0m
[0;32mI (366) heap_init: Initializing. RAM available for dynamic allocation:[0m
[0;32mI (373) heap_init: At 3FFAE6E0 len 00001920 (6 KiB): DRAM[0m
[0;32mI (379) heap_init: At 3FFB3A40 len 0002C5C0 (177 KiB): DRAM[0m
[0;32mI (385) heap_init: At 3FFE0440 len 00003AE0 (14 KiB): D/IRAM[0m
[0;32mI (391) heap_init: At 3FFE4350 len 0001BCB0 (111 KiB): D/IRAM[0m
[0;32mI (398) heap_init: At 4008D12C len 00012ED4 (75 KiB): IRAM[0m
[0;32mI (406) spi_flash: detected chip: generic[0m
[0;32mI (409) spi_flash: flash io: dio[0m
[0;33mW (413) ADC: legacy driver is deprecated, please migrate to `esp_adc/adc_oneshot.h`[0m
[0;32mI (422) main_task: Started on CPU0[0m
[0;32mI (432) main_task: Calling app_main()[0m
[0;32mI (432) gpio: GPIO[12]| InputEn: 1| OutputEn: 0| OpenDrain: 0| Pullup: 1| Pulldown: 0| Intr:0 [0m
[0;32mI (432) mqtt_example: Other event id:7[0m

assert failed: tcpip_send_msg_wait_sem /IDF/components/lwip/lwip/src/api/tcpip.c:449 (Invalid mbox)


Backtrace: 0x40081726:0x3ffb8b90 0x40085979:0x3ffb8bb0 0x4008bbf9:0x3ffb8bd0 0x400ff7e2:0x3ffb8cf0 0x4010c059:0x3ffb8d20 0x400fd7d5:0x3ffb8d60 0x400df496:0x3ffb8db0 0x400df7a3:0x3ffb8e10 0x400dfcf3:0x3ffb8e80 0x400e1039:0x3ffb8ea0 0x4011d2ed:0x3ffb8ec0 0x400d8979:0x3ffb8ee0 0x40086309:0x3ffb8f10




ELF file SHA256: b5093fbe1

Rebooting...
ets Jul 29 2019 12:21:46

rst:0xc (SW_CPU_RESET),boot:0x13 (SPI_FAST_FLASH_BOOT)
configsip: 0, SPIWP:0xee
clk_drv:0x00,q_drv:0x00,d_drv:0x00,cs0_drv:0x00,hd_drv:0x00,wp_drv:0x00
mode:DIO, clock div:2
load:0x3fff0030,len:7172
load:0x40078000,len:15540
load:0x40080400,len:4
ho 8 tail 4 room 4
load:0x40080404,len:3904
entry 0x40080640
[0;32mI (31) boot: ESP-IDF v5.2.1-dirty 2nd stage bootloader[0m
[0;32mI (31) boot: compile time May 10 2024 22:10:54[0m
[0;32mI (31) boot: Multicore bootloader[0m
[0;32mI (36) boot: chip revision: v3.0[0m
[0;32mI (40) boot.esp32: SPI Speed      : 40MHz[0m
[0;32mI (44) boot.esp32: SPI Mode       : DIO[0m
[0;32mI (49) boot.esp32: SPI Flash Size : 4MB[0m
[0;32mI (53) boot: Enabling RNG early entropy source...[0m
[0;32mI (59) boot: Partition Table:[0m
[0;32mI (62) boot: ## Label            Usage          Type ST Offset   Length[0m
[0;32mI (70) boot:  0 nvs              WiFi data        01 02 00009000 00006000[0m
[0;32mI (77) boot:  1 phy_init         RF data          01 01 0000f000 00001000[0m
[0;32mI (84) boot:  2 factory          factory app      00 00 00010000 00100000[0m
[0;32mI (92) boot: End of partition table[0m
[0;32mI (96) esp_image: segment 0: paddr=00010020 vaddr=3f400020 size=1d7f8h (120824) map[0m
[0;32mI (146) esp_image: segment 1: paddr=0002d820 vaddr=3ffb0000 size=023c4h (  9156) load[0m
[0;32mI (150) esp_image: segment 2: paddr=0002fbec vaddr=40080000 size=0042ch (  1068) load[0m
[0;32mI (152) esp_image: segment 3: paddr=00030020 vaddr=400d0020 size=510ach (331948) map[0m
[0;32mI (274) esp_image: segment 4: paddr=000810d4 vaddr=4008042c size=0cd00h ( 52480) load[0m
[0;32mI (301) boot: Loaded app from partition at offset 0x10000[0m
[0;32mI (302) boot: Disabling RNG early entropy source...[0m
[0;32mI (313) cpu_start: Multicore app[0m
[0;32mI (322) cpu_start: Pro cpu start user code[0m
[0;32mI (322) cpu_start: cpu freq: 160000000 Hz[0m
[0;32mI (322) cpu_start: Application information:[0m
[0;32mI (325) cpu_start: Project name:     test_mqtt[0m
[0;32mI (330) cpu_start: App version:      1[0m
[0;32mI (334) cpu_start: Compile time:     May 10 2024 22:10:29[0m
[0;32mI (340) cpu_start: ELF file SHA256:  b5093fbe1...[0m
[0;32mI (346) cpu_start: ESP-IDF:          v5.2.1-dirty[0m
[0;32mI (351) cpu_start: Min chip rev:     v0.0[0m
[0;32mI (356) cpu_start: Max chip rev:     v3.99 [0m
[0;32mI (361) cpu_start: Chip rev:         v3.0[0m
[0;32mI (366) heap_init: Initializing. RAM available for dynamic allocation:[0m
[0;32mI (373) heap_init: At 3FFAE6E0 len 00001920 (6 KiB): DRAM[0m
[0;32mI (379) heap_init: At 3FFB3A40 len 0002C5C0 (177 KiB): DRAM[0m
[0;32mI (385) heap_init: At 3FFE0440 len 00003AE0 (14 KiB): D/IRAM[0m
[0;32mI (391) heap_init: At 3FFE4350 len 0001BCB0 (111 KiB): D/IRAM[0m
[0;32mI (398) heap_init: At 4008D12C len 00012ED4 (75 KiB): IRAM[0m
[0;32mI (406) spi_flash: detected chip: generic[0m
[0;32mI (409) spi_flash: flash io: dio[0m
[0;33mW (413) ADC: legacy driver is deprecated, please migrate to `esp_adc/adc_oneshot.h`[0m
[0;32mI (422) main_task: Started on CPU0[0m
[0;32mI (432) main_task: Calling app_main()[0m
[0;32mI (432) gpio: GPIO[12]| InputEn: 1| OutputEn: 0| OpenDrain: 0| Pullup: 1| Pulldown: 0| Intr:0 [0m
[0;32mI (432) mqtt_example: Other event id:7[0m

assert failed: tcpip_send_msg_wait_sem /IDF/components/lwip/lwip/src/api/tcpip.c:449 (Invalid mbox)


Backtrace: 0x40081726:0x3ffb8b90 0x40085979:0x3ffb8bb0 0x4008bbf9:0x3ffb8bd0 0x400ff7e2:0x3ffb8cf0 0x4010c059:0x3ffb8d20 0x400fd7d5:0x3ffb8d60 0x400df496:0x3ffb8db0 0x400df7a3:0x3ffb8e10 0x400dfcf3:0x3ffb8e80 0x400e1039:0x3ffb8ea0 0x4011d2ed:0x3ffb8ec0 0x400d8979:0x3ffb8ee0 0x40086309:0x3ffb8f10




ELF file SHA256: b5093fbe1

Rebooting...
ets Jul 29 2019 12:21:46

rst:0xc (SW_CPU_RESET),boot:0x13 (SPI_FAST_FLASH_BOOT)
configsip: 0, SPIWP:0xee
clk_drv:0x00,q_drv:0x00,d_drv:0x00,cs0_drv:0x00,hd_drv:0x00,wp_drv:0x00
mode:DIO, clock div:2
load:0x3fff0030,len:7172
load:0x40078000,len:15540
load:0x40080400,len:4
ho 8 tail 4 room 4
load:0x40080404,len:3904
entry 0x40080640
[0;32mI (31) boot: ESP-IDF v5.2.1-dirty 2nd stage bootloader[0m
[0;32mI (31) boot: compile time May 10 2024 22:10:54[0m
[0;32mI (31) boot: Multicore bootloader[0m
[0;32mI (36) boot: chip revision: v3.0[0m
[0;32mI (40) boot.esp32: SPI Speed      : 40MHz[0m
[0;32mI (44) boot.esp32: SPI Mode       : DIO[0m
[0;32mI (49) boot.esp32: SPI Flash Size : 4MB[0m
[0;32mI (53) boot: Enabling RNG early entropy source...[0m
[0;32mI (59) boot: Partition Table:[0m
[0;32mI (62) boot: ## Label            Usage          Type ST Offset   Length[0m
[0;32mI (70) boot:  0 nvs              WiFi data        01 02 00009000 00006000[0m
[0;32mI (77) boot:  1 phy_init         RF data          01 01 0000f000 00001000[0m
[0;32mI (84) boot:  2 factory          factory app      00 00 00010000 00100000[0m
[0;32mI (92) boot: End of partition table[0m
[0;32mI (96) esp_image: segment 0: paddr=00010020 vaddr=3f400020 size=1d7f8h (120824) map[0m
[0;32mI (146) esp_image: segment 1: paddr=0002d820 vaddr=3ffb0000 size=023c4h (  9156) load[0m
[0;32mI (150) esp_image: segment 2: paddr=0002fbec vaddr=40080000 size=0042ch (  1068) load[0m
[0;32mI (152) esp_image: segment 3: paddr=00030020 vaddr=400d0020 size=510ach (331948) map[0m
[0;32mI (274) esp_image: segment 4: paddr=000810d4 vaddr=4008042c size=0cd00h ( 52480) load[0m
[0;32mI (301) boot: Loaded app from partition at offset 0x10000[0m
[0;32mI (302) boot: Disabling RNG early entropy source...[0m
[0;32mI (313) cpu_start: Multicore app[0m
[0;32mI (322) cpu_start: Pro cpu start user code[0m
[0;32mI (322) cpu_start: cpu freq: 160000000 Hz[0m
[0;32mI (322) cpu_start: Application information:[0m
[0;32mI (325) cpu_start: Project name:     test_mqtt[0m
[0;32mI (330) cpu_start: App version:      1[0m
[0;32mI (334) cpu_start: Compile time:     May 10 2024 22:10:29[0m
[0;32mI (341) cpu_start: ELF file SHA256:  b5093fbe1...[0m
[0;32mI (346) cpu_start: ESP-IDF:          v5.2.1-dirty[0m
[0;32mI (351) cpu_start: Min chip rev:     v0.0[0m
[0;32mI (356) cpu_start: Max chip rev:     v3.99 [0m
[0;32mI (361) cpu_start: Chip rev:         v3.0[0m
[0;32mI (366) heap_init: Initializing. RAM available for dynamic allocation:[0m
[0;32mI (373) heap_init: At 3FFAE6E0 len 00001920 (6 KiB): DRAM[0m
[0;32mI (379) heap_init: At 3FFB3A40 len 0002C5C0 (177 KiB): DRAM[0m
[0;32mI (385) heap_init: At 3FFE0440 len 00003AE0 (14 KiB): D/IRAM[0m
[0;32mI (391) heap_init: At 3FFE4350 len 0001BCB0 (111 KiB): D/IRAM[0m
[0;32mI (398) heap_init: At 4008D12C len 00012ED4 (75 KiB): IRAM[0m
[0;32mI (406) spi_flash: detected chip: generic[0m
[0;32mI (409) spi_flash: flash io: dio[0m
[0;33mW (413) ADC: legacy driver is deprecated, please migrate to `esp_adc/adc_oneshot.h`[0m
[0;32mI (422) main_task: Started on CPU0[0m
[0;32mI (432) main_task: Calling app_main()[0m
[0;32mI (432) gpio: GPIO[12]| InputEn: 1| OutputEn: 0| OpenDrain: 0| Pullup: 1| Pulldown: 0| Intr:0 [0m
[0;32mI (432) mqtt_example: Other event id:7[0m

assert failed: tcpip_send_msg_wait_sem /IDF/components/lwip/lwip/src/api/tcpip.c:449 (Invalid mbox)


Backtrace: 0x40081726:0x3ffb8b90 0x40085979:0x3ffb8bb0 0x4008bbf9:0x3ffb8bd0 0x400ff7e2:0x3ffb8cf0 0x4010c059:0x3ffb8d20 0x400fd7d5:0x3ffb8d60 0x400df496:0x3ffb8db0 0x400df7a3:0x3ffb8e10 0x400dfcf3:0x3ffb8e80 0x400e1039:0x3ffb8ea0 0x4011d2ed:0x3ffb8ec0 0x400d8979:0x3ffb8ee0 0x40086309:0x3ffb8f10




ELF file SHA256: b5093fbe1

Rebooting...
ets Jul 29 2019 12:21:46

rst:0xc (SW_CPU_RESET),boot:0x13 (SPI_FAST_FLASH_BOOT)
configsip: 0, SPIWP:0xee
clk_drv:0x00,q_drv:0x00,d_drv:0x00,cs0_drv:0x00,hd_drv:0x00,wp_drv:0x00
mode:DIO, clock div:2
load:0x3fff0030,len:7172
load:0x40078000,len:15540
load:0x40080400,len:4
ho 8 tail 4 room 4
load:0x40080404,len:3904
entry 0x40080640
[0;32mI (31) boot: ESP-IDF v5.2.1-dirty 2nd stage bootloader[0m
[0;32mI (31) boot: compile time May 10 2024 22:10:54[0m
[0;32mI (31) boot: Multicore bootloader[0m
[0;32mI (36) boot: chip revision: v3.0[0m
[0;32mI (40) boot.esp32: SPI Speed      : 40MHz[0m
[0;32mI (44) boot.esp32: SPI Mode       : DIO[0m
[0;32mI (49) boot.esp32: SPI Flash Size : 4MB[0m
[0;32mI (53) boot: Enabling RNG early entropy source...[0m
[0;32mI (59) boot: Partition Table:[0m
[0;32mI (62) boot: ## Label            Usage          Type ST Offset   Length[0m
[0;32mI (70) boot:  0 nvs              WiFi data        01 02 00009000 00006000[0m
[0;32mI (77) boot:  1 phy_init         RF data          01 01 0000f000 00001000[0m
[0;32mI (84) boot:  2 factory          factory app      00 00 00010000 00100000[0m
[0;32mI (92) boot: End of partition table[0m
[0;32mI (96) esp_image: segment 0: paddr=00010020 vaddr=3f400020 size=1d7f8h (120824) map[0m
[0;32mI (146) esp_image: segment 1: paddr=0002d820 vaddr=3ffb0000 size=023c4h (  9156) load[0m
[0;32mI (150) esp_image: segment 2: paddr=0002fbec vaddr=40080000 size=0042ch (  1068) load[0m
[0;32mI (152) esp_image: segment 3: paddr=00030020 vaddr=400d0020 size=510ach (331948) map[0m
[0;32mI (274) esp_image: segment 4: paddr=000810d4 vaddr=4008042c size=0cd00h ( 52480) load[0m
[0;32mI (301) boot: Loaded app from partition at offset 0x10000[0m
[0;32mI (302) boot: Disabling RNG early entropy source...[0m
[0;32mI (313) cpu_start: Multicore app[0m
[0;32mI (322) cpu_start: Pro cpu start user code[0m
[0;32mI (322) cpu_start: cpu freq: 160000000 Hz[0m
[0;32mI (322) cpu_start: Application information:[0m
[0;32mI (325) cpu_start: Project name:     test_mqtt[0m
[0;32mI (330) cpu_start: App version:      1[0m
[0;32mI (334) cpu_start: Compile time:     May 10 2024 22:10:29[0m
[0;32mI (340) cpu_start: ELF file SHA256:  b5093fbe1...[0m
[0;32mI (346) cpu_start: ESP-IDF:          v5.2.1-dirty[0m
[0;32mI (351) cpu_start: Min chip rev:     v0.0[0m
[0;32mI (356) cpu_start: Max chip rev:     v3.99 [0m
[0;32mI (361) cpu_start: Chip rev:         v3.0[0m
[0;32mI (366) heap_init: Initializing. RAM available for dynamic allocation:[0m
[0;32mI (373) heap_init: At 3FFAE6E0 len 00001920 (6 KiB): DRAM[0m
[0;32mI (379) heap_init: At 3FFB3A40 len 0002C5C0 (177 KiB): DRAM[0m
[0;32mI (385) heap_init: At 3FFE0440 len 00003AE0 (14 KiB): D/IRAM[0m
[0;32mI (391) heap_init: At 3FFE4350 len 0001BCB0 (111 KiB): D/IRAM[0m
[0;32mI (398) heap_init: At 4008D12C len 00012ED4 (75 KiB): IRAM[0m
[0;32mI (406) spi_flash: detected chip: generic[0m
[0;32mI (409) spi_flash: flash io: dio[0m
[0;33mW (413) ADC: legacy driver is deprecated, please migrate to `esp_adc/adc_oneshot.h`[0m
[0;32mI (422) main_task: Started on CPU0[0m
[0;32mI (432) main_task: Calling app_main()[0m
[0;32mI (432) gpio: GPIO[12]| InputEn: 1| OutputEn: 0| OpenDrain: 0| Pullup: 1| Pulldown: 0| Intr:0 [0m
[0;32mI (432) mqtt_example: Other event id:7[0m

assert failed: tcpip_send_msg_wait_sem /IDF/components/lwip/lwip/src/api/tcpip.c:449 (Invalid mbox)


Backtrace: 0x40081726:0x3ffb8b90 0x40085979:0x3ffb8bb0 0x4008bbf9:0x3ffb8bd0 0x400ff7e2:0x3ffb8cf0 0x4010c059:0x3ffb8d20 0x400fd7d5:0x3ffb8d60 0x400df496:0x3ffb8db0 0x400df7a3:0x3ffb8e10 0x400dfcf3:0x3ffb8e80 0x400e1039:0x3ffb8ea0 0x4011d2ed:0x3ffb8ec0 0x400d8979:0x3ffb8ee0 0x40086309:0x3ffb8f10




ELF file SHA256: b5093fbe1

Rebooting...
ets Jul 29 2019 12:21:46

rst:0xc (SW_CPU_RESET),boot:0x13 (SPI_FAST_FLASH_BOOT)
configsip: 0, SPIWP:0xee
clk_drv:0x00,q_drv:0x00,d_drv:0x00,cs0_drv:0x00,hd_drv:0x00,wp_drv:0x00
mode:DIO, clock div:2
load:0x3fff0030,len:7172
load:0x40078000,len:15540
load:0x40080400,len:4
ho 8 tail 4 room 4
load:0x40080404,len:3904
entry 0x40080640
[0;32mI (31) boot: ESP-IDF v5.2.1-dirty 2nd stage bootloader[0m
[0;32mI (31) boot: compile time May 10 2024 22:10:54[0m
[0;32mI (31) boot: Multicore bootloader[0m
[0;32mI (36) boot: chip revision: v3.0[0m
[0;32mI (40) boot.esp32: SPI Speed      : 40MHz[0m
[0;32mI (44) boot.esp32: SPI Mode       : DIO[0m
[0;32mI (49) boot.esp32: SPI Flash Size : 4MB[0m
[0;32mI (53) boot: Enabling RNG early entropy source...[0m
[0;32mI (59) boot: Partition Table:[0m
[0;32mI (62) boot: ## Label            Usage          Type ST Offset   Length[0m
[0;32mI (70) boot:  0 nvs              WiFi data        01 02 00009000 00006000[0m
[0;32mI (77) boot:  1 phy_init         RF data          01 01 0000f000 00001000[0m
[0;32mI (84) boot:  2 factory          factory app      00 00 00010000 00100000[0m
[0;32mI (92) boot: End of partition table[0m
[0;32mI (96) esp_image: segment 0: paddr=00010020 vaddr=3f400020 size=1d7f8h (120824) map[0m
[0;32mI (146) esp_image: segment 1: paddr=0002d820 vaddr=3ffb0000 size=023c4h (  9156) load[0m
[0;32mI (150) esp_image: segment 2: paddr=0002fbec vaddr=40080000 size=0042ch (  1068) load[0m
[0;32mI (152) esp_image: segment 3: paddr=00030020 vaddr=400d0020 size=510ach (331948) map[0m
[0;32mI (274) esp_image: segment 4: paddr=000810d4 vaddr=4008042c size=0cd00h ( 52480) load[0m
[0;32mI (301) boot: Loaded app from partition at offset 0x10000[0m
[0;32mI (302) boot: Disabling RNG early entropy source...[0m
[0;32mI (313) cpu_start: Multicore app[0m
[0;32mI (322) cpu_start: Pro cpu start user code[0m
[0;32mI (322) cpu_start: cpu freq: 160000000 Hz[0m
[0;32mI (322) cpu_start: Application information:[0m
[0;32mI (325) cpu_start: Project name:     test_mqtt[0m
[0;32mI (330) cpu_start: App version:      1[0m
[0;32mI (334) cpu_start: Compile time:     May 10 2024 22:10:29[0m
[0;32mI (340) cpu_start: ELF file SHA256:  b5093fbe1...[0m
[0;32mI (346) cpu_start: ESP-IDF:          v5.2.1-dirty[0m
[0;32mI (351) cpu_start: Min chip rev:     v0.0[0m
[0;32mI (356) cpu_start: Max chip rev:     v3.99 [0m
[0;32mI (361) cpu_start: Chip rev:         v3.0[0m
[0;32mI (366) heap_init: Initializing. RAM available for dynamic allocation:[0m
[0;32mI (373) heap_init: At 3FFAE6E0 len 00001920 (6 KiB): DRAM[0m
[0;32mI (379) heap_init: At 3FFB3A40 len 0002C5C0 (177 KiB): DRAM[0m
[0;32mI (385) heap_init: At 3FFE0440 len 00003AE0 (14 KiB): D/IRAM[0m
[0;32mI (391) heap_init: At 3FFE4350 len 0001BCB0 (111 KiB): D/IRAM[0m
[0;32mI (398) heap_init: At 4008D12C len 00012ED4 (75 KiB): IRAM[0m
[0;32mI (406) spi_flash: detected chip: generic[0m
[0;32mI (409) spi_flash: flash io: dio[0m
[0;33mW (413) ADC: legacy driver is deprecated, please migrate to `esp_adc/adc_oneshot.h`[0m
[0;32mI (422) main_task: Started on CPU0[0m
[0;32mI (432) main_task: Calling app_main()[0m
[0;32mI (432) gpio: GPIO[12]| InputEn: 1| OutputEn: 0| OpenDrain: 0| Pullup: 1| Pulldown: 0| Intr:0 [0m
[0;32mI (432) mqtt_example: Other event id:7[0m

assert failed: tcpip_send_msg_wait_sem /IDF/components/lwip/lwip/src/api/tcpip.c:449 (Invalid mbox)


Backtrace: 0x40081726:0x3ffb8b90 0x40085979:0x3ffb8bb0 0x4008bbf9:0x3ffb8bd0 0x400ff7e2:0x3ffb8cf0 0x4010c059:0x3ffb8d20 0x400fd7d5:0x3ffb8d60 0x400df496:0x3ffb8db0 0x400df7a3:0x3ffb8e10 0x400dfcf3:0x3ffb8e80 0x400e1039:0x3ffb8ea0 0x4011d2ed:0x3ffb8ec0 0x400d8979:0x3ffb8ee0 0x40086309:0x3ffb8f10




ELF file SHA256: b5093fbe1

Rebooting...
ets Jul 29 2019 12:21:46

rst:0xc (SW_CPU_RESET),boot:0x13 (SPI_FAST_FLASH_BOOT)
configsip: 0, SPIWP:0xee
clk_drv:0x00,q_drv:0x00,d_drv:0x00,cs0_drv:0x00,hd_drv:0x00,wp_drv:0x00
mode:DIO, clock div:2
load:0x3fff0030,len:7172
load:0x40078000,len:15540
load:0x40080400,len:4
ho 8 tail 4 room 4
load:0x40080404,len:3904
entry 0x40080640
[0;32mI (31) boot: ESP-IDF v5.2.1-dirty 2nd stage bootloader[0m
[0;32mI (31) boot: compile time May 10 2024 22:10:54[0m
[0;32mI (31) boot: Multicore bootloader[0m
[0;32mI (36) boot: chip revision: v3.0[0m
[0;32mI (40) boot.esp32: SPI Speed      : 40MHz[0m
[0;32mI (44) boot.esp32: SPI Mode       : DIO[0m
[0;32mI (49) boot.esp32: SPI Flash Size : 4MB[0m
[0;32mI (53) boot: Enabling RNG early entropy source...[0m
[0;32mI (59) boot: Partition Table:[0m
[0;32mI (62) boot: ## Label            Usage          Type ST Offset   Length[0m
[0;32mI (70) boot:  0 nvs              WiFi data        01 02 00009000 00006000[0m
[0;32mI (77) boot:  1 phy_init         RF data          01 01 0000f000 00001000[0m
[0;32mI (84) boot:  2 factory          factory app      00 00 00010000 00100000[0m
[0;32mI (92) boot: End of partition table[0m
[0;32mI (96) esp_image: segment 0: paddr=00010020 vaddr=3f400020 size=1d7f8h (120824) map[0m
[0;32mI (146) esp_image: segment 1: paddr=0002d820 vaddr=3ffb0000 size=023c4h (  9156) load[0m
[0;32mI (150) esp_image: segment 2: paddr=0002fbec vaddr=40080000 size=0042ch (  1068) load[0m
[0;32mI (152) esp_image: segment 3: paddr=00030020 vaddr=400d0020 size=510ach (331948) map[0m
[0;32mI (274) esp_image: segment 4: paddr=000810d4 vaddr=4008042c size=0cd00h ( 52480) load[0m
[0;32mI (301) boot: Loaded app from partition at offset 0x10000[0m
[0;32mI (302) boot: Disabling RNG early entropy source...[0m
[0;32mI (313) cpu_start: Multicore app[0m
[0;32mI (322) cpu_start: Pro cpu start user code[0m
[0;32mI (322) cpu_start: cpu freq: 160000000 Hz[0m
[0;32mI (322) cpu_start: Application information:[0m
[0;32mI (325) cpu_start: Project name:     test_mqtt[0m
[0;32mI (330) cpu_start: App version:      1[0m
[0;32mI (334) cpu_start: Compile time:     May 10 2024 22:10:29[0m
[0;32mI (341) cpu_start: ELF file SHA256:  b5093fbe1...[0m
[0;32mI (346) cpu_start: ESP-IDF:          v5.2.1-dirty[0m
[0;32mI (351) cpu_start: Min chip rev:     v0.0[0m
[0;32mI (356) cpu_start: Max chip rev:     v3.99 [0m
[0;32mI (361) cpu_start: Chip rev:         v3.0[0m
[0;32mI (366) heap_init: Initializing. RAM available for dynamic allocation:[0m
[0;32mI (373) heap_init: At 3FFAE6E0 len 00001920 (6 KiB): DRAM[0m
[0;32mI (379) heap_init: At 3FFB3A40 len 0002C5C0 (177 KiB): DRAM[0m
[0;32mI (385) heap_init: At 3FFE0440 len 00003AE0 (14 KiB): D/IRAM[0m
[0;32mI (391) heap_init: At 3FFE4350 len 0001BCB0 (111 KiB): D/IRAM[0m
[0;32mI (398) heap_init: At 4008D12C len 00012ED4 (75 KiB): IRAM[0m
[0;32mI (406) spi_flash: detected chip: generic[0m
[0;32mI (409) spi_flash: flash io: dio[0m
[0;33mW (413) ADC: legacy driver is deprecated, please migrate to `esp_adc/adc_oneshot.h`[0m
[0;32mI (422) main_task: Started on CPU0[0m
[0;32mI (432) main_task: Calling app_main()[0m
[0;32mI (432) gpio: GPIO[12]| InputEn: 1| OutputEn: 0| OpenDrain: 0| Pullup: 1| Pulldown: 0| Intr:0 [0m
[0;32mI (432) mqtt_example: Other event id:7[0m

assert failed: tcpip_send_msg_wait_sem /IDF/components/lwip/lwip/src/api/tcpip.c:449 (Invalid mbox)


Backtrace: 0x40081726:0x3ffb8b90 0x40085979:0x3ffb8bb0 0x4008bbf9:0x3ffb8bd0 0x400ff7e2:0x3ffb8cf0 0x4010c059:0x3ffb8d20 0x400fd7d5:0x3ffb8d60 0x400df496:0x3ffb8db0 0x400df7a3:0x3ffb8e10 0x400dfcf3:0x3ffb8e80 0x400e1039:0x3ffb8ea0 0x4011d2ed:0x3ffb8ec0 0x400d8979:0x3ffb8ee0 0x40086309:0x3ffb8f10




ELF file SHA256: b5093fbe1

Rebooting...
ets Jul 29 2019 12:21:46

rst:0xc (SW_CPU_RESET),boot:0x13 (SPI_FAST_FLASH_BOOT)
configsip: 0, SPIWP:0xee
clk_drv:0x00,q_drv:0x00,d_drv:0x00,cs0_drv:0x00,hd_drv:0x00,wp_drv:0x00
mode:DIO, clock div:2
load:0x3fff0030,len:7172
load:0x40078000,len:15540
load:0x40080400,len:4
ho 8 tail 4 room 4
load:0x40080404,len:3904
entry 0x40080640
[0;32mI (31) boot: ESP-IDF v5.2.1-dirty 2nd stage bootloader[0m
[0;32mI (31) boot: compile time May 10 2024 22:10:54[0m
[0;32mI (31) boot: Multicore bootloader[0m
[0;32mI (36) boot: chip revision: v3.0[0m
[0;32mI (40) boot.esp32: SPI Speed      : 40MHz[0m
[0;32mI (44) boot.esp32: SPI Mode       : DIO[0m
[0;32mI (49) boot.esp32: SPI Flash Size : 4MB[0m
[0;32mI (53) boot: Enabling RNG early entropy source...[0m
[0;32mI (59) boot: Partition Table:[0m
[0;32mI (62) boot: ## Label            Usage          Type ST Offset   Length[0m
[0;32mI (70) boot:  0 nvs              WiFi data        01 02 00009000 00006000[0m
[0;32mI (77) boot:  1 phy_init         RF data          01 01 0000f000 00001000[0m
[0;32mI (84) boot:  2 factory          factory app      00 00 00010000 00100000[0m
[0;32mI (92) boot: End of partition table[0m
[0;32mI (96) esp_image: segment 0: paddr=00010020 vaddr=3f400020 size=1d7f8h (120824) map[0m
[0;32mI (146) esp_image: segment 1: paddr=0002d820 vaddr=3ffb0000 size=023c4h (  9156) load[0m
[0;32mI (150) esp_image: segment 2: paddr=0002fbec vaddr=40080000 size=0042ch (  1068) load[0m
[0;32mI (152) esp_image: segment 3: paddr=00030020 vaddr=400d0020 size=510ach (331948) map[0m
[0;32mI (274) esp_image: segment 4: paddr=000810d4 vaddr=4008042c size=0cd00h ( 52480) load[0m
[0;32mI (301) boot: Loaded app from partition at offset 0x10000[0m
[0;32mI (302) boot: Disabling RNG early entropy source...[0m
[0;32mI (313) cpu_start: Multicore app[0m
[0;32mI (322) cpu_start: Pro cpu start user code[0m
[0;32mI (322) cpu_start: cpu freq: 160000000 Hz[0m
[0;32mI (322) cpu_start: Application information:[0m
[0;32mI (325) cpu_start: Project name:     test_mqtt[0m
[0;32mI (330) cpu_start: App version:      1[0m
[0;32mI (334) cpu_start: Compile time:     May 10 2024 22:10:29[0m
[0;32mI (340) cpu_start: ELF file SHA256:  b5093fbe1...[0m
[0;32mI (346) cpu_start: ESP-IDF:          v5.2.1-dirty[0m
[0;32mI (351) cpu_start: Min chip rev:     v0.0[0m
[0;32mI (356) cpu_start: Max chip rev:     v3.99 [0m
[0;32mI (361) cpu_start: Chip rev:         v3.0[0m
[0;32mI (366) heap_init: Initializing. RAM available for dynamic allocation:[0m
[0;32mI (373) heap_init: At 3FFAE6E0 len 00001920 (6 KiB): DRAM[0m
[0;32mI (379) heap_init: At 3FFB3A40 len 0002C5C0 (177 KiB): DRAM[0m
[0;32mI (385) heap_init: At 3FFE0440 len 00003AE0 (14 KiB): D/IRAM[0m
[0;32mI (391) heap_init: At 3FFE4350 len 0001BCB0 (111 KiB): D/IRAM[0m
[0;32mI (398) heap_init: At 4008D12C len 00012ED4 (75 KiB): IRAM[0m
[0;32mI (406) spi_flash: detected chip: generic[0m
[0;32mI (409) spi_flash: flash io: dio[0m
[0;33mW (413) ADC: legacy driver is deprecated, please migrate to `esp_adc/adc_oneshot.h`[0m
[0;32mI (422) main_task: Started on CPU0[0m
[0;32mI (432) main_task: Calling app_main()[0m
[0;32mI (432) gpio: GPIO[12]| InputEn: 1| OutputEn: 0| OpenDrain: 0| Pullup: 1| Pulldown: 0| Intr:0 [0m
[0;32mI (432) mqtt_example: Other event id:7[0m

assert failed: tcpip_send_msg_wait_sem /IDF/components/lwip/lwip/src/api/tcpip.c:449 (Invalid mbox)


Backtrace: 0x40081726:0x3ffb8b90 0x40085979:0x3ffb8bb0 0x4008bbf9:0x3ffb8bd0 0x400ff7e2:0x3ffb8cf0 0x4010c059:0x3ffb8d20 0x400fd7d5:0x3ffb8d60 0x400df496:0x3ffb8db0 0x400df7a3:0x3ffb8e10 0x400dfcf3:0x3ffb8e80 0x400e1039:0x3ffb8ea0 0x4011d2ed:0x3ffb8ec0 0x400d8979:0x3ffb8ee0 0x40086309:0x3ffb8f10




ELF file SHA256: b5093fbe1

Rebooting...
ets Jul 29 2019 12:21:46

rst:0xc (SW_CPU_RESET),boot:0x13 (SPI_FAST_FLASH_BOOT)
configsip: 0, SPIWP:0xee
clk_drv:0x00,q_drv:0x00,d_drv:0x00,cs0_drv:0x00,hd_drv:0x00,wp_drv:0x00
mode:DIO, clock div:2
load:0x3fff0030,len:7172
load:0x40078000,len:15540
load:0x40080400,len:4
ho 8 tail 4 room 4
load:0x40080404,len:3904
entry 0x40080640
[0;32mI (31) boot: ESP-IDF v5.2.1-dirty 2nd stage bootloader[0m
[0;32mI (31) boot: compile time May 10 2024 22:10:54[0m
[0;32mI (31) boot: Multicore bootloader[0m
[0;32mI (36) boot: chip revision: v3.0[0m
[0;32mI (40) boot.esp32: SPI Speed      : 40MHz[0m
[0;32mI (44) boot.esp32: SPI Mode       : DIO[0m
[0;32mI (49) boot.esp32: SPI Flash Size : 4MB[0m
[0;32mI (53) boot: Enabling RNG early entropy source...[0m
[0;32mI (59) boot: Partition Table:[0m
[0;32mI (62) boot: ## Label            Usage          Type ST Offset   Length[0m
[0;32mI (70) boot:  0 nvs              WiFi data        01 02 00009000 00006000[0m
[0;32mI (77) boot:  1 phy_init         RF data          01 01 0000f000 00001000[0m
[0;32mI (84) boot:  2 factory          factory app      00 00 00010000 00100000[0m
[0;32mI (92) boot: End of partition table[0m
[0;32mI (96) esp_image: segment 0: paddr=00010020 vaddr=3f400020 size=1d7f8h (120824) map[0m
[0;32mI (146) esp_image: segment 1: paddr=0002d820 vaddr=3ffb0000 size=023c4h (  9156) load[0m
[0;32mI (150) esp_image: segment 2: paddr=0002fbec vaddr=40080000 size=0042ch (  1068) load[0m
[0;32mI (152) esp_image: segment 3: paddr=00030020 vaddr=400d0020 size=510ach (331948) map[0m
[0;32mI (274) esp_image: segment 4: paddr=000810d4 vaddr=4008042c size=0cd00h ( 52480) load[0m
[0;32mI (301) boot: Loaded app from partition at offset 0x10000[0m
[0;32mI (302) boot: Disabling RNG early entropy source...[0m
[0;32mI (313) cpu_start: Multicore app[0m
[0;32mI (322) cpu_start: Pro cpu start user code[0m
[0;32mI (322) cpu_start: cpu freq: 160000000 Hz[0m
[0;32mI (322) cpu_start: Application information:[0m
[0;32mI (325) cpu_start: Project name:     test_mqtt[0m
[0;32mI (330) cpu_start: App version:      1[0m
[0;32mI (334) cpu_start: Compile time:     May 10 2024 22:10:29[0m
[0;32mI (340) cpu_start: ELF file SHA256:  b5093fbe1...[0m
[0;32mI (346) cpu_start: ESP-IDF:          v5.2.1-dirty[0m
[0;32mI (351) cpu_start: Min chip rev:     v0.0[0m
[0;32mI (356) cpu_start: Max chip rev:     v3.99 [0m
[0;32mI (361) cpu_start: Chip rev:         v3.0[0m
[0;32mI (366) heap_init: Initializing. RAM available for dynamic allocation:[0m
[0;32mI (373) heap_init: At 3FFAE6E0 len 00001920 (6 KiB): DRAM[0m
[0;32mI (379) heap_init: At 3FFB3A40 len 0002C5C0 (177 KiB): DRAM[0m
[0;32mI (385) heap_init: At 3FFE0440 len 00003AE0 (14 KiB): D/IRAM[0m
[0;32mI (391) heap_init: At 3FFE4350 len 0001BCB0 (111 KiB): D/IRAM[0m
[0;32mI (398) heap_init: At 4008D12C len 00012ED4 (75 KiB): IRAM[0m
[0;32mI (406) spi_flash: detected chip: generic[0m
[0;32mI (409) spi_flash: flash io: dio[0m
[0;33mW (413) ADC: legacy driver is deprecated, please migrate to `esp_adc/adc_oneshot.h`[0m
[0;32mI (422) main_task: Started on CPU0[0m
[0;32mI (432) main_task: Calling app_main()[0m
[0;32mI (432) gpio: GPIO[12]| InputEn: 1| OutputEn: 0| OpenDrain: 0| Pullup: 1| Pulldown: 0| Intr:0 [0m
[0;32mI (432) mqtt_example: Other event id:7[0m

assert failed: tcpip_send_msg_wait_sem /IDF/components/lwip/lwip/src/api/tcpip.c:449 (Invalid mbox)


Backtrace: 0x40081726:0x3ffb8b90 0x40085979:0x3ffb8bb0 0x4008bbf9:0x3ffb8bd0 0x400ff7e2:0x3ffb8cf0 0x4010c059:0x3ffb8d20 0x400fd7d5:0x3ffb8d60 0x400df496:0x3ffb8db0 0x400df7a3:0x3ffb8e10 0x400dfcf3:0x3ffb8e80 0x400e1039:0x3ffb8ea0 0x4011d2ed:0x3ffb8ec0 0x400d8979:0x3ffb8ee0 0x40086309:0x3ffb8f10




ELF file SHA256: b5093fbe1

Rebooting...
ets Jul 29 2019 12:21:46

rst:0xc (SW_CPU_RESET),boot:0x13 (SPI_FAST_FLASH_BOOT)
configsip: 0, SPIWP:0xee
clk_drv:0x00,q_drv:0x00,d_drv:0x00,cs0_drv:0x00,hd_drv:0x00,wp_drv:0x00
mode:DIO, clock div:2
load:0x3fff0030,len:7172
load:0x40078000,len:15540
load:0x40080400,len:4
ho 8 tail 4 room 4
load:0x40080404,len:3904
entry 0x40080640
[0;32mI (31) boot: ESP-IDF v5.2.1-dirty 2nd stage bootloader[0m
[0;32mI (31) boot: compile time May 10 2024 22:10:54[0m
[0;32mI (31) boot: Multicore bootloader[0m
[0;32mI (36) boot: chip revision: v3.0[0m
[0;32mI (40) boot.esp32: SPI Speed      : 40MHz[0m
[0;32mI (44) boot.esp32: SPI Mode       : DIO[0m
[0;32mI (49) boot.esp32: SPI Flash Size : 4MB[0m
[0;32mI (53) boot: Enabling RNG early entropy source...[0m
[0;32mI (59) boot: Partition Table:[0m
[0;32mI (62) boot: ## Label            Usage          Type ST Offset   Length[0m
[0;32mI (70) boot:  0 nvs              WiFi data        01 02 00009000 00006000[0m
[0;32mI (77) boot:  1 phy_init         RF data          01 01 0000f000 00001000[0m
[0;32mI (84) boot:  2 factory          factory app      00 00 00010000 00100000[0m
[0;32mI (92) boot: End of partition table[0m
[0;32mI (96) esp_image: segment 0: paddr=00010020 vaddr=3f400020 size=1d7f8h (120824) map[0m
[0;32mI (146) esp_image: segment 1: paddr=0002d820 vaddr=3ffb0000 size=023c4h (  9156) load[0m
[0;32mI (150) esp_image: segment 2: paddr=0002fbec vaddr=40080000 size=0042ch (  1068) load[0m
[0;32mI (152) esp_image: segment 3: paddr=00030020 vaddr=400d0020 size=510ach (331948) map[0m
[0;32mI (274) esp_image: segment 4: paddr=000810d4 vaddr=4008042c size=0cd00h ( 52480) load[0m
[0;32mI (301) boot: Loaded app from partition at offset 0x10000[0m
[0;32mI (302) boot: Disabling RNG early entropy source...[0m
[0;32mI (313) cpu_start: Multicore app[0m
[0;32mI (322) cpu_start: Pro cpu start user code[0m
[0;32mI (322) cpu_start: cpu freq: 160000000 Hz[0m
[0;32mI (322) cpu_start: Application information:[0m
[0;32mI (325) cpu_start: Project name:     test_mqtt[0m
[0;32mI (330) cpu_start: App version:      1[0m
[0;32mI (334) cpu_start: Compile time:     May 10 2024 22:10:29[0m
[0;32mI (341) cpu_start: ELF file SHA256:  b5093fbe1...[0m
[0;32mI (346) cpu_start: ESP-IDF:          v5.2.1-dirty[0m
[0;32mI (351) cpu_start: Min chip rev:     v0.0[0m
[0;32mI (356) cpu_start: Max chip rev:     v3.99 [0m
[0;32mI (361) cpu_start: Chip rev:         v3.0[0m
[0;32mI (366) heap_init: Initializing. RAM available for dynamic allocation:[0m
[0;32mI (373) heap_init: At 3FFAE6E0 len 00001920 (6 KiB): DRAM[0m
[0;32mI (379) heap_init: At 3FFB3A40 len 0002C5C0 (177 KiB): DRAM[0m
[0;32mI (385) heap_init: At 3FFE0440 len 00003AE0 (14 KiB): D/IRAM[0m
[0;32mI (391) heap_init: At 3FFE4350 len 0001BCB0 (111 KiB): D/IRAM[0m
[0;32mI (398) heap_init: At 4008D12C len 00012ED4 (75 KiB): IRAM[0m
[0;32mI (406) spi_flash: detected chip: generic[0m
[0;32mI (409) spi_flash: flash io: dio[0m
[0;33mW (413) ADC: legacy driver is deprecated, please migrate to `esp_adc/adc_oneshot.h`[0m
[0;32mI (422) main_task: Started on CPU0[0m
[0;32mI (432) main_task: Calling app_main()[0m
[0;32mI (432) gpio: GPIO[12]| InputEn: 1| OutputEn: 0| OpenDrain: 0| Pullup: 1| Pulldown: 0| Intr:0 [0m
[0;32mI (432) mqtt_example: Other event id:7[0m

assert failed: tcpip_send_msg_wait_sem /IDF/components/lwip/lwip/src/api/tcpip.c:449 (Invalid mbox)


Backtrace: 0x40081726:0x3ffb8b90 0x40085979:0x3ffb8bb0 0x4008bbf9:0x3ffb8bd0 0x400ff7e2:0x3ffb8cf0 0x4010c059:0x3ffb8d20 0x400fd7d5:0x3ffb8d60 0x400df496:0x3ffb8db0 0x400df7a3:0x3ffb8e10 0x400dfcf3:0x3ffb8e80 0x400e1039:0x3ffb8ea0 0x4011d2ed:0x3ffb8ec0 0x400d8979:0x3ffb8ee0 0x40086309:0x3ffb8f10




ELF file SHA256: b5093fbe1

Rebooting...
ets Jul 29 2019 12:21:46

rst:0xc (SW_CPU_RESET),boot:0x13 (SPI_FAST_FLASH_BOOT)
configsip: 0, SPIWP:0xee
clk_drv:0x00,q_drv:0x00,d_drv:0x00,cs0_drv:0x00,hd_drv:0x00,wp_drv:0x00
mode:DIO, clock div:2
load:0x3fff0030,len:7172
load:0x40078000,len:15540
load:0x40080400,len:4
ho 8 tail 4 room 4
load:0x40080404,len:3904
entry 0x40080640
[0;32mI (31) boot: ESP-IDF v5.2.1-dirty 2nd stage bootloader[0m
[0;32mI (31) boot: compile time May 10 2024 22:10:54[0m
[0;32mI (31) boot: Multicore bootloader[0m
[0;32mI (36) boot: chip revision: v3.0[0m
[0;32mI (40) boot.esp32: SPI Speed      : 40MHz[0m
[0;32mI (44) boot.esp32: SPI Mode       : DIO[0m
[0;32mI (49) boot.esp32: SPI Flash Size : 4MB[0m
[0;32mI (53) boot: Enabling RNG early entropy source...[0m
[0;32mI (59) boot: Partition Table:[0m
[0;32mI (62) boot: ## Label            Usage          Type ST Offset   Length[0m
[0;32mI (70) boot:  0 nvs              WiFi data        01 02 00009000 00006000[0m
[0;32mI (77) boot:  1 phy_init         RF data          01 01 0000f000 00001000[0m
[0;32mI (84) boot:  2 factory          factory app      00 00 00010000 00100000[0m
[0;32mI (92) boot: End of partition table[0m
[0;32mI (96) esp_image: segment 0: paddr=00010020 vaddr=3f400020 size=1d7f8h (120824) map[0m
[0;32mI (146) esp_image: segment 1: paddr=0002d820 vaddr=3ffb0000 size=023c4h (  9156) load[0m
[0;32mI (150) esp_image: segment 2: paddr=0002fbec vaddr=40080000 size=0042ch (  1068) load[0m
[0;32mI (152) esp_image: segment 3: paddr=00030020 vaddr=400d0020 size=510ach (331948) map[0m
[0;32mI (274) esp_image: segment 4: paddr=000810d4 vaddr=4008042c size=0cd00h ( 52480) load[0m
[0;32mI (301) boot: Loaded app from partition at offset 0x10000[0m
[0;32mI (302) boot: Disabling RNG early entropy source...[0m
[0;32mI (313) cpu_start: Multicore app[0m
[0;32mI (322) cpu_start: Pro cpu start user code[0m
[0;32mI (322) cpu_start: cpu freq: 160000000 Hz[0m
[0;32mI (322) cpu_start: Application information:[0m
[0;32mI (325) cpu_start: Project name:     test_mqtt[0m
[0;32mI (330) cpu_start: App version:      1[0m
[0;32mI (334) cpu_start: Compile time:     May 10 2024 22:10:29[0m
[0;32mI (340) cpu_start: ELF file SHA256:  b5093fbe1...[0m
[0;32mI (346) cpu_start: ESP-IDF:          v5.2.1-dirty[0m
[0;32mI (351) cpu_start: Min chip rev:     v0.0[0m
[0;32mI (356) cpu_start: Max chip rev:     v3.99 [0m
[0;32mI (361) cpu_start: Chip rev:         v3.0[0m
[0;32mI (366) heap_init: Initializing. RAM available for dynamic allocation:[0m
[0;32mI (373) heap_init: At 3FFAE6E0 len 00001920 (6 KiB): DRAM[0m
[0;32mI (379) heap_init: At 3FFB3A40 len 0002C5C0 (177 KiB): DRAM[0m
[0;32mI (385) heap_init: At 3FFE0440 len 00003AE0 (14 KiB): D/IRAM[0m
[0;32mI (391) heap_init: At 3FFE4350 len 0001BCB0 (111 KiB): D/IRAM[0m
[0;32mI (398) heap_init: At 4008D12C len 00012ED4 (75 KiB): IRAM[0m
[0;32mI (406) spi_flash: detected chip: generic[0m
[0;32mI (409) spi_flash: flash io: dio[0m
[0;33mW (413) ADC: legacy driver is deprecated, please migrate to `esp_adc/adc_oneshot.h`[0m
[0;32mI (422) main_task: Started on CPU0[0m
[0;32mI (432) main_task: Calling app_main()[0m
[0;32mI (432) gpio: GPIO[12]| InputEn: 1| OutputEn: 0| OpenDrain: 0| Pullup: 1| Pulldown: 0| Intr:0 [0m
[0;32mI (432) mqtt_example: Other event id:7[0m

assert failed: tcpip_send_msg_wait_sem /IDF/components/lwip/lwip/src/api/tcpip.c:449 (Invalid mbox)


Backtrace: 0x40081726:0x3ffb8b90 0x40085979:0x3ffb8bb0 0x4008bbf9:0x3ffb8bd0 0x400ff7e2:0x3ffb8cf0 0x4010c059:0x3ffb8d20 0x400fd7d5:0x3ffb8d60 0x400df496:0x3ffb8db0 0x400df7a3:0x3ffb8e10 0x400dfcf3:0x3ffb8e80 0x400e1039:0x3ffb8ea0 0x4011d2ed:0x3ffb8ec0 0x400d8979:0x3ffb8ee0 0x40086309:0x3ffb8f10




ELF file SHA256: b5093fbe1

Rebooting...
ets Jul 29 2019 12:21:46

rst:0xc (SW_CPU_RESET),boot:0x13 (SPI_FAST_FLASH_BOOT)
configsip: 0, SPIWP:0xee
clk_drv:0x00,q_drv:0x00,d_drv:0x00,cs0_drv:0x00,hd_drv:0x00,wp_drv:0x00
mode:DIO, clock div:2
load:0x3fff0030,len:7172
load:0x40078000,len:15540
load:0x40080400,len:4
ho 8 tail 4 room 4
load:0x40080404,len:3904
entry 0x40080640
[0;32mI (31) boot: ESP-IDF v5.2.1-dirty 2nd stage bootloader[0m
[0;32mI (31) boot: compile time May 10 2024 22:10:54[0m
[0;32mI (31) boot: Multicore bootloader[0m
[0;32mI (36) boot: chip revision: v3.0[0m
[0;32mI (40) boot.esp32: SPI Speed      : 40MHz[0m
[0;32mI (44) boot.esp32: SPI Mode       : DIO[0m
[0;32mI (49) boot.esp32: SPI Flash Size : 4MB[0m
[0;32mI (53) boot: Enabling RNG early entropy source...[0m
[0;32mI (59) boot: Partition Table:[0m
[0;32mI (62) boot: ## Label            Usage          Type ST Offset   Length[0m
[0;32mI (70) boot:  0 nvs              WiFi data        01 02 00009000 00006000[0m
[0;32mI (77) boot:  1 phy_init         RF data          01 01 0000f000 00001000[0m
[0;32mI (84) boot:  2 factory          factory app      00 00 00010000 00100000[0m
[0;32mI (92) boot: End of partition table[0m
[0;32mI (96) esp_image: segment 0: paddr=00010020 vaddr=3f400020 size=1d7f8h (120824) map[0m
[0;32mI (146) esp_image: segment 1: paddr=0002d820 vaddr=3ffb0000 size=023c4h (  9156) load[0m
[0;32mI (150) esp_image: segment 2: paddr=0002fbec vaddr=40080000 size=0042ch (  1068) load[0m
[0;32mI (152) esp_image: segment 3: paddr=00030020 vaddr=400d0020 size=510ach (331948) map[0m
[0;32mI (274) esp_image: segment 4: paddr=000810d4 vaddr=4008042c size=0cd00h ( 52480) load[0m
[0;32mI (301) boot: Loaded app from partition at offset 0x10000[0m
[0;32mI (302) boot: Disabling RNG early entropy source...[0m
[0;32mI (313) cpu_start: Multicore app[0m
[0;32mI (322) cpu_start: Pro cpu start user code[0m
[0;32mI (322) cpu_start: cpu freq: 160000000 Hz[0m
[0;32mI (322) cpu_start: Application information:[0m
[0;32mI (325) cpu_start: Project name:     test_mqtt[0m
[0;32mI (330) cpu_start: App version:      1[0m
[0;32mI (334) cpu_start: Compile time:     May 10 2024 22:10:29[0m
[0;32mI (340) cpu_start: ELF file SHA256:  b5093fbe1...[0m
[0;32mI (346) cpu_start: ESP-IDF:          v5.2.1-dirty[0m
[0;32mI (351) cpu_start: Min chip rev:     v0.0[0m
[0;32mI (356) cpu_start: Max chip rev:     v3.99 [0m
[0;32mI (361) cpu_start: Chip rev:         v3.0[0m
[0;32mI (366) heap_init: Initializing. RAM available for dynamic allocation:[0m
[0;32mI (373) heap_init: At 3FFAE6E0 len 00001920 (6 KiB): DRAM[0m
[0;32mI (379) heap_init: At 3FFB3A40 len 0002C5C0 (177 KiB): DRAM[0m
[0;32mI (385) heap_init: At 3FFE0440 len 00003AE0 (14 KiB): D/IRAM[0m
[0;32mI (391) heap_init: At 3FFE4350 len 0001BCB0 (111 KiB): D/IRAM[0m
[0;32mI (398) heap_init: At 4008D12C len 00012ED4 (75 KiB): IRAM[0m
[0;32mI (406) spi_flash: detected chip: generic[0m
[0;32mI (409) spi_flash: flash io: dio[0m
[0;33mW (413) ADC: legacy driver is deprecated, please migrate to `esp_adc/adc_oneshot.h`[0m
[0;32mI (422) main_task: Started on CPU0[0m
[0;32mI (432) main_task: Calling app_main()[0m
[0;32mI (432) gpio: GPIO[12]| InputEn: 1| OutputEn: 0| OpenDrain: 0| Pullup: 1| Pulldown: 0| Intr:0 [0m
[0;32mI (432) mqtt_example: Other event id:7[0m

assert failed: tcpip_send_msg_wait_sem /IDF/components/lwip/lwip/src/api/tcpip.c:449 (Invalid mbox)


Backtrace: 0x40081726:0x3ffb8b90 0x40085979:0x3ffb8bb0 0x4008bbf9:0x3ffb8bd0 0x400ff7e2:0x3ffb8cf0 0x4010c059:0x3ffb8d20 0x400fd7d5:0x3ffb8d60 0x400df496:0x3ffb8db0 0x400df7a3:0x3ffb8e10 0x400dfcf3:0x3ffb8e80 0x400e1039:0x3ffb8ea0 0x4011d2ed:0x3ffb8ec0 0x400d8979:0x3ffb8ee0 0x40086309:0x3ffb8f10




ELF file SHA256: b5093fbe1

Rebooting...
ets Jul 29 2019 12:21:46

rst:0xc (SW_CPU_RESET),boot:0x13 (SPI_FAST_FLASH_BOOT)
configsip: 0, SPIWP:0xee
clk_drv:0x00,q_drv:0x00,d_drv:0x00,cs0_drv:0x00,hd_drv:0x00,wp_drv:0x00
mode:DIO, clock div:2
load:0x3fff0030,len:7172
load:0x40078000,len:15540
load:0x40080400,len:4
ho 8 tail 4 room 4
load:0x40080404,len:3904
entry 0x40080640
[0;32mI (31) boot: ESP-IDF v5.2.1-dirty 2nd stage bootloader[0m
[0;32mI (31) boot: compile time May 10 2024 22:10:54[0m
[0;32mI (31) boot: Multicore bootloader[0m
[0;32mI (36) boot: chip revision: v3.0[0m
[0;32mI (40) boot.esp32: SPI Speed      : 40MHz[0m
[0;32mI (44) boot.esp32: SPI Mode       : DIO[0m
[0;32mI (49) boot.esp32: SPI Flash Size : 4MB[0m
[0;32mI (53) boot: Enabling RNG early entropy source...[0m
[0;32mI (59) boot: Partition Table:[0m
[0;32mI (62) boot: ## Label            Usage          Type ST Offset   Length[0m
[0;32mI (70) boot:  0 nvs              WiFi data        01 02 00009000 00006000[0m
[0;32mI (77) boot:  1 phy_init         RF data          01 01 0000f000 00001000[0m
[0;32mI (84) boot:  2 factory          factory app      00 00 00010000 00100000[0m
[0;32mI (92) boot: End of partition table[0m
[0;32mI (96) esp_image: segment 0: paddr=00010020 vaddr=3f400020 size=1d7f8h (120824) map[0m
[0;32mI (146) esp_image: segment 1: paddr=0002d820 vaddr=3ffb0000 size=023c4h (  9156) load[0m
[0;32mI (150) esp_image: segment 2: paddr=0002fbec vaddr=40080000 size=0042ch (  1068) load[0m
[0;32mI (152) esp_image: segment 3: paddr=00030020 vaddr=400d0020 size=510ach (331948) map[0m
[0;32mI (274) esp_image: segment 4: paddr=000810d4 vaddr=4008042c size=0cd00h ( 52480) load[0m
[0;32mI (301) boot: Loaded app from partition at offset 0x10000[0m
[0;32mI (302) boot: Disabling RNG early entropy source...[0m
[0;32mI (313) cpu_start: Multicore app[0m
[0;32mI (322) cpu_start: Pro cpu start user code[0m
[0;32mI (322) cpu_start: cpu freq: 160000000 Hz[0m
[0;32mI (322) cpu_start: Application information:[0m
[0;32mI (325) cpu_start: Project name:     test_mqtt[0m
[0;32mI (330) cpu_start: App version:      1[0m
[0;32mI (334) cpu_start: Compile time:     May 10 2024 22:10:29[0m
[0;32mI (341) cpu_start: ELF file SHA256:  b5093fbe1...[0m
[0;32mI (346) cpu_start: ESP-IDF:          v5.2.1-dirty[0m
[0;32mI (351) cpu_start: Min chip rev:     v0.0[0m
[0;32mI (356) cpu_start: Max chip rev:     v3.99 [0m
[0;32mI (361) cpu_start: Chip rev:         v3.0[0m
[0;32mI (366) heap_init: Initializing. RAM available for dynamic allocation:[0m
[0;32mI (373) heap_init: At 3FFAE6E0 len 00001920 (6 KiB): DRAM[0m
[0;32mI (379) heap_init: At 3FFB3A40 len 0002C5C0 (177 KiB): DRAM[0m
[0;32mI (385) heap_init: At 3FFE0440 len 00003AE0 (14 KiB): D/IRAM[0m
[0;32mI (391) heap_init: At 3FFE4350 len 0001BCB0 (111 KiB): D/IRAM[0m
[0;32mI (398) heap_init: At 4008D12C len 00012ED4 (75 KiB): IRAM[0m
[0;32mI (406) spi_flash: detected chip: generic[0m
[0;32mI (409) spi_flash: flash io: dio[0m
[0;33mW (413) ADC: legacy driver is deprecated, please migrate to `esp_adc/adc_oneshot.h`[0m
[0;32mI (422) main_task: Started on CPU0[0m
[0;32mI (432) main_task: Calling app_main()[0m
[0;32mI (432) gpio: GPIO[12]| InputEn: 1| OutputEn: 0| OpenDrain: 0| Pullup: 1| Pulldown: 0| Intr:0 [0m
[0;32mI (432) mqtt_example: Other event id:7[0m

assert failed: tcpip_send_msg_wait_sem /IDF/components/lwip/lwip/src/api/tcpip.c:449 (Invalid mbox)


Backtrace: 0x40081726:0x3ffb8b90 0x40085979:0x3ffb8bb0 0x4008bbf9:0x3ffb8bd0 0x400ff7e2:0x3ffb8cf0 0x4010c059:0x3ffb8d20 0x400fd7d5:0x3ffb8d60 0x400df496:0x3ffb8db0 0x400df7a3:0x3ffb8e10 0x400dfcf3:0x3ffb8e80 0x400e1039:0x3ffb8ea0 0x4011d2ed:0x3ffb8ec0 0x400d8979:0x3ffb8ee0 0x40086309:0x3ffb8f10




ELF file SHA256: b5093fbe1

Rebooting...
ets Jul 29 2019 12:21:46

rst:0xc (SW_CPU_RESET),boot:0x13 (SPI_FAST_FLASH_BOOT)
configsip: 0, SPIWP:0xee
clk_drv:0x00,q_drv:0x00,d_drv:0x00,cs0_drv:0x00,hd_drv:0x00,wp_drv:0x00
mode:DIO, clock div:2
load:0x3fff0030,len:7172
load:0x40078000,len:15540
load:0x40080400,len:4
ho 8 tail 4 room 4
load:0x40080404,len:3904
entry 0x40080640
[0;32mI (31) boot: ESP-IDF v5.2.1-dirty 2nd stage bootloader[0m
[0;32mI (31) boot: compile time May 10 2024 22:10:54[0m
[0;32mI (31) boot: Multicore bootloader[0m
[0;32mI (36) boot: chip revision: v3.0[0m
[0;32mI (40) boot.esp32: SPI Speed      : 40MHz[0m
[0;32mI (44) boot.esp32: SPI Mode       : DIO[0m
[0;32mI (49) boot.esp32: SPI Flash Size : 4MB[0m
[0;32mI (53) boot: Enabling RNG early entropy source...[0m
[0;32mI (59) boot: Partition Table:[0m
[0;32mI (62) boot: ## Label            Usage          Type ST Offset   Length[0m
[0;32mI (70) boot:  0 nvs              WiFi data        01 02 00009000 00006000[0m
[0;32mI (77) boot:  1 phy_init         RF data          01 01 0000f000 00001000[0m
[0;32mI (84) boot:  2 factory          factory app      00 00 00010000 00100000[0m
[0;32mI (92) boot: End of partition table[0m
[0;32mI (96) esp_image: segment 0: paddr=00010020 vaddr=3f400020 size=1d7f8h (120824) map[0m
[0;32mI (146) esp_image: segment 1: paddr=0002d820 vaddr=3ffb0000 size=023c4h (  9156) load[0m
[0;32mI (150) esp_image: segment 2: paddr=0002fbec vaddr=40080000 size=0042ch (  1068) load[0m
[0;32mI (152) esp_image: segment 3: paddr=00030020 vaddr=400d0020 size=510ach (331948) map[0m
[0;32mI (274) esp_image: segment 4: paddr=000810d4 vaddr=4008042c size=0cd00h ( 52480) load[0m
[0;32mI (301) boot: Loaded app from partition at offset 0x10000[0m
[0;32mI (302) boot: Disabling RNG early entropy source...[0m
[0;32mI (313) cpu_start: Multicore app[0m
[0;32mI (322) cpu_start: Pro cpu start user code[0m
[0;32mI (322) cpu_start: cpu freq: 160000000 Hz[0m
[0;32mI (322) cpu_start: Application information:[0m
[0;32mI (325) cpu_start: Project name:     test_mqtt[0m
[0;32mI (330) cpu_start: App version:      1[0m
[0;32mI (334) cpu_start: Compile time:     May 10 2024 22:10:29[0m
[0;32mI (340) cpu_start: ELF file SHA256:  b5093fbe1...[0m
[0;32mI (346) cpu_start: ESP-IDF:          v5.2.1-dirty[0m
[0;32mI (351) cpu_start: Min chip rev:     v0.0[0m
[0;32mI (356) cpu_start: Max chip rev:     v3.99 [0m
[0;32mI (361) cpu_start: Chip rev:         v3.0[0m
[0;32mI (366) heap_init: Initializing. RAM available for dynamic allocation:[0m
[0;32mI (373) heap_init: At 3FFAE6E0 len 00001920 (6 KiB): DRAM[0m
[0;32mI (379) heap_init: At 3FFB3A40 len 0002C5C0 (177 KiB): DRAM[0m
[0;32mI (385) heap_init: At 3FFE0440 len 00003AE0 (14 KiB): D/IRAM[0m
[0;32mI (391) heap_init: At 3FFE4350 len 0001BCB0 (111 KiB): D/IRAM[0m
[0;32mI (398) heap_init: At 4008D12C len 00012ED4 (75 KiB): IRAM[0m
[0;32mI (406) spi_flash: detected chip: generic[0m
[0;32mI (409) spi_flash: flash io: dio[0m
[0;33mW (413) ADC: legacy driver is deprecated, please migrate to `esp_adc/adc_oneshot.h`[0m
[0;32mI (422) main_task: Started on CPU0[0m
[0;32mI (432) main_task: Calling app_main()[0m
[0;32mI (432) gpio: GPIO[12]| InputEn: 1| OutputEn: 0| OpenDrain: 0| Pullup: 1| Pulldown: 0| Intr:0 [0m
[0;32mI (432) mqtt_example: Other event id:7[0m

assert failed: tcpip_send_msg_wait_sem /IDF/components/lwip/lwip/src/api/tcpip.c:449 (Invalid mbox)


Backtrace: 0x40081726:0x3ffb8b90 0x40085979:0x3ffb8bb0 0x4008bbf9:0x3ffb8bd0 0x400ff7e2:0x3ffb8cf0 0x4010c059:0x3ffb8d20 0x400fd7d5:0x3ffb8d60 0x400df496:0x3ffb8db0 0x400df7a3:0x3ffb8e10 0x400dfcf3:0x3ffb8e80 0x400e1039:0x3ffb8ea0 0x4011d2ed:0x3ffb8ec0 0x400d8979:0x3ffb8ee0 0x40086309:0x3ffb8f10




ELF file SHA256: b5093fbe1

Rebooting...
ets Jul 29 2019 12:21:46

rst:0xc (SW_CPU_RESET),boot:0x13 (SPI_FAST_FLASH_BOOT)
configsip: 0, SPIWP:0xee
clk_drv:0x00,q_drv:0x00,d_drv:0x00,cs0_drv:0x00,hd_drv:0x00,wp_drv:0x00
mode:DIO, clock div:2
load:0x3fff0030,len:7172
load:0x40078000,len:15540
load:0x40080400,len:4
ho 8 tail 4 room 4
load:0x40080404,len:3904
entry 0x40080640
[0;32mI (31) boot: ESP-IDF v5.2.1-dirty 2nd stage bootloader[0m
[0;32mI (31) boot: compile time May 10 2024 22:10:54[0m
[0;32mI (31) boot: Multicore bootloader[0m
[0;32mI (36) boot: chip revision: v3.0[0m
[0;32mI (40) boot.esp32: SPI Speed      : 40MHz[0m
[0;32mI (44) boot.esp32: SPI Mode       : DIO[0m
[0;32mI (49) boot.esp32: SPI Flash Size : 4MB[0m
[0;32mI (53) boot: Enabling RNG early entropy source...[0m
[0;32mI (59) boot: Partition Table:[0m
[0;32mI (62) boot: ## Label            Usage          Type ST Offset   Length[0m
[0;32mI (70) boot:  0 nvs              WiFi data        01 02 00009000 00006000[0m
[0;32mI (77) boot:  1 phy_init         RF data          01 01 0000f000 00001000[0m
[0;32mI (84) boot:  2 factory          factory app      00 00 00010000 00100000[0m
[0;32mI (92) boot: End of partition table[0m
[0;32mI (96) esp_image: segment 0: paddr=00010020 vaddr=3f400020 size=1d7f8h (120824) map[0m
[0;32mI (146) esp_image: segment 1: paddr=0002d820 vaddr=3ffb0000 size=023c4h (  9156) load[0m
[0;32mI (150) esp_image: segment 2: paddr=0002fbec vaddr=40080000 size=0042ch (  1068) load[0m
[0;32mI (152) esp_image: segment 3: paddr=00030020 vaddr=400d0020 size=510ach (331948) map[0m
[0;32mI (274) esp_image: segment 4: paddr=000810d4 vaddr=4008042c size=0cd00h ( 52480) load[0m
[0;32mI (301) boot: Loaded app from partition at offset 0x10000[0m
[0;32mI (302) boot: Disabling RNG early entropy source...[0m
[0;32mI (313) cpu_start: Multicore app[0m
[0;32mI (322) cpu_start: Pro cpu start user code[0m
[0;32mI (322) cpu_start: cpu freq: 160000000 Hz[0m
[0;32mI (322) cpu_start: Application information:[0m
[0;32mI (325) cpu_start: Project name:     test_mqtt[0m
[0;32mI (330) cpu_start: App version:      1[0m
[0;32mI (334) cpu_start: Compile time:     May 10 2024 22:10:29[0m
[0;32mI (340) cpu_start: ELF file SHA256:  b5093fbe1...[0m
[0;32mI (346) cpu_start: ESP-IDF:          v5.2.1-dirty[0m
[0;32mI (351) cpu_start: Min chip rev:     v0.0[0m
[0;32mI (356) cpu_start: Max chip rev:     v3.99 [0m
[0;32mI (361) cpu_start: Chip rev:         v3.0[0m
[0;32mI (366) heap_init: Initializing. RAM available for dynamic allocation:[0m
[0;32mI (373) heap_init: At 3FFAE6E0 len 00001920 (6 KiB): DRAM[0m
[0;32mI (379) heap_init: At 3FFB3A40 len 0002C5C0 (177 KiB): DRAM[0m
[0;32mI (385) heap_init: At 3FFE0440 len 00003AE0 (14 KiB): D/IRAM[0m
[0;32mI (391) heap_init: At 3FFE4350 len 0001BCB0 (111 KiB): D/IRAM[0m
[0;32mI (398) heap_init: At 4008D12C len 00012ED4 (75 KiB): IRAM[0m
[0;32mI (406) spi_flash: detected chip: generic[0m
[0;32mI (409) spi_flash: flash io: dio[0m
[0;33mW (413) ADC: legacy driver is deprecated, please migrate to `esp_adc/adc_oneshot.h`[0m
[0;32mI (422) main_task: Started on CPU0[0m
[0;32mI (432) main_task: Calling app_main()[0m
[0;32mI (432) gpio: GPIO[12]| InputEn: 1| OutputEn: 0| OpenDrain: 0| Pullup: 1| Pulldown: 0| Intr:0 [0m
[0;32mI (432) mqtt_example: Other event id:7[0m

assert failed: tcpip_send_msg_wait_sem /IDF/components/lwip/lwip/src/api/tcpip.c:449 (Invalid mbox)


Backtrace: 0x40081726:0x3ffb8b90 0x40085979:0x3ffb8bb0 0x4008bbf9:0x3ffb8bd0 0x400ff7e2:0x3ffb8cf0 0x4010c059:0x3ffb8d20 0x400fd7d5:0x3ffb8d60 0x400df496:0x3ffb8db0 0x400df7a3:0x3ffb8e10 0x400dfcf3:0x3ffb8e80 0x400e1039:0x3ffb8ea0 0x4011d2ed:0x3ffb8ec0 0x400d8979:0x3ffb8ee0 0x40086309:0x3ffb8f10




ELF file SHA256: b5093fbe1

Rebooting...
ets Jul 29 2019 12:21:46

rst:0xc (SW_CPU_RESET),boot:0x13 (SPI_FAST_FLASH_BOOT)
configsip: 0, SPIWP:0xee
clk_drv:0x00,q_drv:0x00,d_drv:0x00,cs0_drv:0x00,hd_drv:0x00,wp_drv:0x00
mode:DIO, clock div:2
load:0x3fff0030,len:7172
load:0x40078000,len:15540
load:0x40080400,len:4
ho 8 tail 4 room 4
load:0x40080404,len:3904
entry 0x40080640
[0;32mI (31) boot: ESP-IDF v5.2.1-dirty 2nd stage bootloader[0m
[0;32mI (31) boot: compile time May 10 2024 22:10:54[0m
[0;32mI (31) boot: Multicore bootloader[0m
[0;32mI (36) boot: chip revision: v3.0[0m
[0;32mI (40) boot.esp32: SPI Speed      : 40MHz[0m
[0;32mI (44) boot.esp32: SPI Mode       : DIO[0m
[0;32mI (49) boot.esp32: SPI Flash Size : 4MB[0m
[0;32mI (53) boot: Enabling RNG early entropy source...[0m
[0;32mI (59) boot: Partition Table:[0m
[0;32mI (62) boot: ## Label            Usage          Type ST Offset   Length[0m
[0;32mI (70) boot:  0 nvs              WiFi data        01 02 00009000 00006000[0m
[0;32mI (77) boot:  1 phy_init         RF data          01 01 0000f000 00001000[0m
[0;32mI (84) boot:  2 factory          factory app      00 00 00010000 00100000[0m
[0;32mI (92) boot: End of partition table[0m
[0;32mI (96) esp_image: segment 0: paddr=00010020 vaddr=3f400020 size=1d7f8h (120824) map[0m
[0;32mI (146) esp_image: segment 1: paddr=0002d820 vaddr=3ffb0000 size=023c4h (  9156) load[0m
[0;32mI (150) esp_image: segment 2: paddr=0002fbec vaddr=40080000 size=0042ch (  1068) load[0m
[0;32mI (152) esp_image: segment 3: paddr=00030020 vaddr=400d0020 size=510ach (331948) map[0m
[0;32mI (274) esp_image: segment 4: paddr=000810d4 vaddr=4008042c size=0cd00h ( 52480) load[0m
[0;32mI (301) boot: Loaded app from partition at offset 0x10000[0m
[0;32mI (302) boot: Disabling RNG early entropy source...[0m
[0;32mI (313) cpu_start: Multicore app[0m
[0;32mI (322) cpu_start: Pro cpu start user code[0m
[0;32mI (322) cpu_start: cpu freq: 160000000 Hz[0m
[0;32mI (322) cpu_start: Application information:[0m
[0;32mI (325) cpu_start: Project name:     test_mqtt[0m
[0;32mI (330) cpu_start: App version:      1[0m
[0;32mI (334) cpu_start: Compile time:     May 10 2024 22:10:29[0m
[0;32mI (341) cpu_start: ELF file SHA256:  b5093fbe1...[0m
[0;32mI (346) cpu_start: ESP-IDF:          v5.2.1-dirty[0m
[0;32mI (351) cpu_start: Min chip rev:     v0.0[0m
[0;32mI (356) cpu_start: Max chip rev:     v3.99 [0m
[0;32mI (361) cpu_start: Chip rev:         v3.0[0m
[0;32mI (366) heap_init: Initializing. RAM available for dynamic allocation:[0m
[0;32mI (373) heap_init: At 3FFAE6E0 len 00001920 (6 KiB): DRAM[0m
[0;32mI (379) heap_init: At 3FFB3A40 len 0002C5C0 (177 KiB): DRAM[0m
[0;32mI (385) heap_init: At 3FFE0440 len 00003AE0 (14 KiB): D/IRAM[0m
[0;32mI (391) heap_init: At 3FFE4350 len 0001BCB0 (111 KiB): D/IRAM[0m
[0;32mI (398) heap_init: At 4008D12C len 00012ED4 (75 KiB): IRAM[0m
[0;32mI (406) spi_flash: detected chip: generic[0m
[0;32mI (409) spi_flash: flash io: dio[0m
[0;33mW (413) ADC: legacy driver is deprecated, please migrate to `esp_adc/adc_oneshot.h`[0m
[0;32mI (422) main_task: Started on CPU0[0m
[0;32mI (432) main_task: Calling app_main()[0m
[0;32mI (432) gpio: GPIO[12]| InputEn: 1| OutputEn: 0| OpenDrain: 0| Pullup: 1| Pulldown: 0| Intr:0 [0m
[0;32mI (432) mqtt_example: Other event id:7[0m

assert failed: tcpip_send_msg_wait_sem /IDF/components/lwip/lwip/src/api/tcpip.c:449 (Invalid mbox)


Backtrace: 0x40081726:0x3ffb8b90 0x40085979:0x3ffb8bb0 0x4008bbf9:0x3ffb8bd0 0x400ff7e2:0x3ffb8cf0 0x4010c059:0x3ffb8d20 0x400fd7d5:0x3ffb8d60 0x400df496:0x3ffb8db0 0x400df7a3:0x3ffb8e10 0x400dfcf3:0x3ffb8e80 0x400e1039:0x3ffb8ea0 0x4011d2ed:0x3ffb8ec0 0x400d8979:0x3ffb8ee0 0x40086309:0x3ffb8f10




ELF file SHA256: b5093fbe1

Rebooting...
ets Jul 29 2019 12:21:46

rst:0xc (SW_CPU_RESET),boot:0x13 (SPI_FAST_FLASH_BOOT)
configsip: 0, SPIWP:0xee
clk_drv:0x00,q_drv:0x00,d_drv:0x00,cs0_drv:0x00,hd_drv:0x00,wp_drv:0x00
mode:DIO, clock div:2
load:0x3fff0030,len:7172
load:0x40078000,len:15540
load:0x40080400,len:4
ho 8 tail 4 room 4
load:0x40080404,len:3904
entry 0x40080640
[0;32mI (31) boot: ESP-IDF v5.2.1-dirty 2nd stage bootloader[0m
[0;32mI (31) boot: compile time May 10 2024 22:10:54[0m
[0;32mI (31) boot: Multicore bootloader[0m
[0;32mI (36) boot: chip revision: v3.0[0m
[0;32mI (40) boot.esp32: SPI Speed      : 40MHz[0m
[0;32mI (44) boot.esp32: SPI Mode       : DIO[0m
[0;32mI (49) boot.esp32: SPI Flash Size : 4MB[0m
[0;32mI (53) boot: Enabling RNG early entropy source...[0m
[0;32mI (59) boot: Partition Table:[0m
[0;32mI (62) boot: ## Label            Usage          Type ST Offset   Length[0m
[0;32mI (70) boot:  0 nvs              WiFi data        01 02 00009000 00006000[0m
[0;32mI (77) boot:  1 phy_init         RF data          01 01 0000f000 00001000[0m
[0;32mI (84) boot:  2 factory          factory app      00 00 00010000 00100000[0m
[0;32mI (92) boot: End of partition table[0m
[0;32mI (96) esp_image: segment 0: paddr=00010020 vaddr=3f400020 size=1d7f8h (120824) map[0m
[0;32mI (146) esp_image: segment 1: paddr=0002d820 vaddr=3ffb0000 size=023c4h (  9156) load[0m
[0;32mI (150) esp_image: segment 2: paddr=0002fbec vaddr=40080000 size=0042ch (  1068) load[0m
[0;32mI (152) esp_image: segment 3: paddr=00030020 vaddr=400d0020 size=510ach (331948) map[0m
[0;32mI (274) esp_image: segment 4: paddr=000810d4 vaddr=4008042c size=0cd00h ( 52480) load[0m
[0;32mI (301) boot: Loaded app from partition at offset 0x10000[0m
[0;32mI (302) boot: Disabling RNG early entropy source...[0m
[0;32mI (313) cpu_start: Multicore app[0m
[0;32mI (322) cpu_start: Pro cpu start user code[0m
[0;32mI (322) cpu_start: cpu freq: 160000000 Hz[0m
[0;32mI (322) cpu_start: Application information:[0m
[0;32mI (325) cpu_start: Project name:     test_mqtt[0m
[0;32mI (330) cpu_start: App version:      1[0m
[0;32mI (334) cpu_start: Compile time:     May 10 2024 22:10:29[0m
[0;32mI (340) cpu_start: ELF file SHA256:  b5093fbe1...[0m
[0;32mI (346) cpu_start: ESP-IDF:          v5.2.1-dirty[0m
[0;32mI (351) cpu_start: Min chip rev:     v0.0[0m
[0;32mI (356) cpu_start: Max chip rev:     v3.99 [0m
[0;32mI (361) cpu_start: Chip rev:         v3.0[0m
[0;32mI (366) heap_init: Initializing. RAM available for dynamic allocation:[0m
[0;32mI (373) heap_init: At 3FFAE6E0 len 00001920 (6 KiB): DRAM[0m
[0;32mI (379) heap_init: At 3FFB3A40 len 0002C5C0 (177 KiB): DRAM[0m
[0;32mI (385) heap_init: At 3FFE0440 len 00003AE0 (14 KiB): D/IRAM[0m
[0;32mI (391) heap_init: At 3FFE4350 len 0001BCB0 (111 KiB): D/IRAM[0m
[0;32mI (398) heap_init: At 4008D12C len 00012ED4 (75 KiB): IRAM[0m
[0;32mI (406) spi_flash: detected chip: generic[0m
[0;32mI (409) spi_flash: flash io: dio[0m
[0;33mW (413) ADC: legacy driver is deprecated, please migrate to `esp_adc/adc_oneshot.h`[0m
[0;32mI (422) main_task: Started on CPU0[0m
[0;32mI (432) main_task: Calling app_main()[0m
[0;32mI (432) gpio: GPIO[12]| InputEn: 1| OutputEn: 0| OpenDrain: 0| Pullup: 1| Pulldown: 0| Intr:0 [0m
[0;32mI (432) mqtt_example: Other event id:7[0m

assert failed: tcpip_send_msg_wait_sem /IDF/components/lwip/lwip/src/api/tcpip.c:449 (Invalid mbox)


Backtrace: 0x40081726:0x3ffb8b90 0x40085979:0x3ffb8bb0 0x4008bbf9:0x3ffb8bd0 0x400ff7e2:0x3ffb8cf0 0x4010c059:0x3ffb8d20 0x400fd7d5:0x3ffb8d60 0x400df496:0x3ffb8db0 0x400df7a3:0x3ffb8e10 0x400dfcf3:0x3ffb8e80 0x400e1039:0x3ffb8ea0 0x4011d2ed:0x3ffb8ec0 0x400d8979:0x3ffb8ee0 0x40086309:0x3ffb8f10




ELF file SHA256: b5093fbe1

Rebooting...
ets Jul 29 2019 12:21:46

rst:0xc (SW_CPU_RESET),boot:0x13 (SPI_FAST_FLASH_BOOT)
configsip: 0, SPIWP:0xee
clk_drv:0x00,q_drv:0x00,d_drv:0x00,cs0_drv:0x00,hd_drv:0x00,wp_drv:0x00
mode:DIO, clock div:2
load:0x3fff0030,len:7172
load:0x40078000,len:15540
load:0x40080400,len:4
ho 8 tail 4 room 4
load:0x40080404,len:3904
entry 0x40080640
[0;32mI (31) boot: ESP-IDF v5.2.1-dirty 2nd stage bootloader[0m
[0;32mI (31) boot: compile time May 10 2024 22:10:54[0m
[0;32mI (31) boot: Multicore bootloader[0m
[0;32mI (36) boot: chip revision: v3.0[0m
[0;32mI (40) boot.esp32: SPI Speed      : 40MHz[0m
[0;32mI (44) boot.esp32: SPI Mode       : DIO[0m
[0;32mI (49) boot.esp32: SPI Flash Size : 4MB[0m
[0;32mI (53) boot: Enabling RNG early entropy source...[0m
[0;32mI (59) boot: Partition Table:[0m
[0;32mI (62) boot: ## Label            Usage          Type ST Offset   Length[0m
[0;32mI (70) boot:  0 nvs              WiFi data        01 02 00009000 00006000[0m
[0;32mI (77) boot:  1 phy_init         RF data          01 01 0000f000 00001000[0m
[0;32mI (84) boot:  2 factory          factory app      00 00 00010000 00100000[0m
[0;32mI (92) boot: End of partition table[0m
[0;32mI (96) esp_image: segment 0: paddr=00010020 vaddr=3f400020 size=1d7f8h (120824) map[0m
[0;32mI (146) esp_image: segment 1: paddr=0002d820 vaddr=3ffb0000 size=023c4h (  9156) load[0m
[0;32mI (150) esp_image: segment 2: paddr=0002fbec vaddr=40080000 size=0042ch (  1068) load[0m
[0;32mI (152) esp_image: segment 3: paddr=00030020 vaddr=400d0020 size=510ach (331948) map[0m
[0;32mI (274) esp_image: segment 4: paddr=000810d4 vaddr=4008042c size=0cd00h ( 52480) load[0m
[0;32mI (301) boot: Loaded app from partition at offset 0x10000[0m
[0;32mI (302) boot: Disabling RNG early entropy source...[0m
[0;32mI (313) cpu_start: Multicore app[0m
[0;32mI (322) cpu_start: Pro cpu start user code[0m
[0;32mI (322) cpu_start: cpu freq: 160000000 Hz[0m
[0;32mI (322) cpu_start: Application information:[0m
[0;32mI (325) cpu_start: Project name:     test_mqtt[0m
[0;32mI (330) cpu_start: App version:      1[0m
[0;32mI (334) cpu_start: Compile time:     May 10 2024 22:10:29[0m
[0;32mI (340) cpu_start: ELF file SHA256:  b5093fbe1...[0m
[0;32mI (346) cpu_start: ESP-IDF:          v5.2.1-dirty[0m
[0;32mI (351) cpu_start: Min chip rev:     v0.0[0m
[0;32mI (356) cpu_start: Max chip rev:     v3.99 [0m
[0;32mI (361) cpu_start: Chip rev:         v3.0[0m
[0;32mI (366) heap_init: Initializing. RAM available for dynamic allocation:[0m
[0;32mI (373) heap_init: At 3FFAE6E0 len 00001920 (6 KiB): DRAM[0m
[0;32mI (379) heap_init: At 3FFB3A40 len 0002C5C0 (177 KiB): DRAM[0m
[0;32mI (385) heap_init: At 3FFE0440 len 00003AE0 (14 KiB): D/IRAM[0m
[0;32mI (391) heap_init: At 3FFE4350 len 0001BCB0 (111 KiB): D/IRAM[0m
[0;32mI (398) heap_init: At 4008D12C len 00012ED4 (75 KiB): IRAM[0m
[0;32mI (406) spi_flash: detected chip: generic[0m
[0;32mI (409) spi_flash: flash io: dio[0m
[0;33mW (413) ADC: legacy driver is deprecated, please migrate to `esp_adc/adc_oneshot.h`[0m
[0;32mI (422) main_task: Started on CPU0[0m
[0;32mI (432) main_task: Calling app_main()[0m
[0;32mI (432) gpio: GPIO[12]| InputEn: 1| OutputEn: 0| OpenDrain: 0| Pullup: 1| Pulldown: 0| Intr:0 [0m
[0;32mI (432) mqtt_example: Other event id:7[0m

assert failed: tcpip_send_msg_wait_sem /IDF/components/lwip/lwip/src/api/tcpip.c:449 (Invalid mbox)


Backtrace: 0x40081726:0x3ffb8b90 0x40085979:0x3ffb8bb0 0x4008bbf9:0x3ffb8bd0 0x400ff7e2:0x3ffb8cf0 0x4010c059:0x3ffb8d20 0x400fd7d5:0x3ffb8d60 0x400df496:0x3ffb8db0 0x400df7a3:0x3ffb8e10 0x400dfcf3:0x3ffb8e80 0x400e1039:0x3ffb8ea0 0x4011d2ed:0x3ffb8ec0 0x400d8979:0x3ffb8ee0 0x40086309:0x3ffb8f10




ELF file SHA256: b5093fbe1

Rebooting...
ets Jul 29 2019 12:21:46

rst:0xc (SW_CPU_RESET),boot:0x13 (SPI_FAST_FLASH_BOOT)
configsip: 0, SPIWP:0xee
clk_drv:0x00,q_drv:0x00,d_drv:0x00,cs0_drv:0x00,hd_drv:0x00,wp_drv:0x00
mode:DIO, clock div:2
load:0x3fff0030,len:7172
load:0x40078000,len:15540
load:0x40080400,len:4
ho 8 tail 4 room 4
load:0x40080404,len:3904
entry 0x40080640
[0;32mI (31) boot: ESP-IDF v5.2.1-dirty 2nd stage bootloader[0m
[0;32mI (31) boot: compile time May 10 2024 22:10:54[0m
[0;32mI (31) boot: Multicore bootloader[0m
[0;32mI (36) boot: chip revision: v3.0[0m
[0;32mI (40) boot.esp32: SPI Speed      : 40MHz[0m
[0;32mI (44) boot.esp32: SPI Mode       : DIO[0m
[0;32mI (49) boot.esp32: SPI Flash Size : 4MB[0m
[0;32mI (53) boot: Enabling RNG early entropy source...[0m
[0;32mI (59) boot: Partition Table:[0m
[0;32mI (62) boot: ## Label            Usage          Type ST Offset   Length[0m
[0;32mI (70) boot:  0 nvs              WiFi data        01 02 00009000 00006000[0m
[0;32mI (77) boot:  1 phy_init         RF data          01 01 0000f000 00001000[0m
[0;32mI (84) boot:  2 factory          factory app      00 00 00010000 00100000[0m
[0;32mI (92) boot: End of partition table[0m
[0;32mI (96) esp_image: segment 0: paddr=00010020 vaddr=3f400020 size=1d7f8h (120824) map[0m
[0;32mI (146) esp_image: segment 1: paddr=0002d820 vaddr=3ffb0000 size=023c4h (  9156) load[0m
[0;32mI (150) esp_image: segment 2: paddr=0002fbec vaddr=40080000 size=0042ch (  1068) load[0m
[0;32mI (152) esp_image: segment 3: paddr=00030020 vaddr=400d0020 size=510ach (331948) map[0m
[0;32mI (274) esp_image: segment 4: paddr=000810d4 vaddr=4008042c size=0cd00h ( 52480) load[0m
[0;32mI (301) boot: Loaded app from partition at offset 0x10000[0m
[0;32mI (302) boot: Disabling RNG early entropy source...[0m
[0;32mI (313) cpu_start: Multicore app[0m
[0;32mI (322) cpu_start: Pro cpu start user code[0m
[0;32mI (322) cpu_start: cpu freq: 160000000 Hz[0m
[0;32mI (322) cpu_start: Application information:[0m
[0;32mI (325) cpu_start: Project name:     test_mqtt[0m
[0;32mI (330) cpu_start: App version:      1[0m
[0;32mI (334) cpu_start: Compile time:     May 10 2024 22:10:29[0m
[0;32mI (340) cpu_start: ELF file SHA256:  b5093fbe1...[0m
[0;32mI (346) cpu_start: ESP-IDF:          v5.2.1-dirty[0m
[0;32mI (351) cpu_start: Min chip rev:     v0.0[0m
[0;32mI (356) cpu_start: Max chip rev:     v3.99 [0m
[0;32mI (361) cpu_start: Chip rev:         v3.0[0m
[0;32mI (366) heap_init: Initializing. RAM available for dynamic allocation:[0m
[0;32mI (373) heap_init: At 3FFAE6E0 len 00001920 (6 KiB): DRAM[0m
[0;32mI (379) heap_init: At 3FFB3A40 len 0002C5C0 (177 KiB): DRAM[0m
[0;32mI (385) heap_init: At 3FFE0440 len 00003AE0 (14 KiB): D/IRAM[0m
[0;32mI (391) heap_init: At 3FFE4350 len 0001BCB0 (111 KiB): D/IRAM[0m
[0;32mI (398) heap_init: At 4008D12C len 00012ED4 (75 KiB): IRAM[0m
[0;32mI (406) spi_flash: detected chip: generic[0m
[0;32mI (409) spi_flash: flash io: dio[0m
[0;33mW (413) ADC: legacy driver is deprecated, please migrate to `esp_adc/adc_oneshot.h`[0m
[0;32mI (422) main_task: Started on CPU0[0m
[0;32mI (432) main_task: Calling app_main()[0m
[0;32mI (432) gpio: GPIO[12]| InputEn: 1| OutputEn: 0| OpenDrain: 0| Pullup: 1| Pulldown: 0| Intr:0 [0m
[0;32mI (432) mqtt_example: Other event id:7[0m

assert failed: tcpip_send_msg_wait_sem /IDF/components/lwip/lwip/src/api/tcpip.c:449 (Invalid mbox)


Backtrace: 0x40081726:0x3ffb8b90 0x40085979:0x3ffb8bb0 0x4008bbf9:0x3ffb8bd0 0x400ff7e2:0x3ffb8cf0 0x4010c059:0x3ffb8d20 0x400fd7d5:0x3ffb8d60 0x400df496:0x3ffb8db0 0x400df7a3:0x3ffb8e10 0x400dfcf3:0x3ffb8e80 0x400e1039:0x3ffb8ea0 0x4011d2ed:0x3ffb8ec0 0x400d8979:0x3ffb8ee0 0x40086309:0x3ffb8f10




ELF file SHA256: b5093fbe1

Rebooting...
ets Jul 29 2019 12:21:46

rst:0xc (SW_CPU_RESET),boot:0x13 (SPI_FAST_FLASH_BOOT)
configsip: 0, SPIWP:0xee
clk_drv:0x00,q_drv:0x00,d_drv:0x00,cs0_drv:0x00,hd_drv:0x00,wp_drv:0x00
mode:DIO, clock div:2
load:0x3fff0030,len:7172
load:0x40078000,len:15540
load:0x40080400,len:4
ho 8 tail 4 room 4
load:0x40080404,len:3904
entry 0x40080640
[0;32mI (31) boot: ESP-IDF v5.2.1-dirty 2nd stage bootloader[0m
[0;32mI (31) boot: compile time May 10 2024 22:10:54[0m
[0;32mI (31) boot: Multicore bootloader[0m
[0;32mI (36) boot: chip revision: v3.0[0m
[0;32mI (40) boot.esp32: SPI Speed      : 40MHz[0m
[0;32mI (44) boot.esp32: SPI Mode       : DIO[0m
[0;32mI (49) boot.esp32: SPI Flash Size : 4MB[0m
[0;32mI (53) boot: Enabling RNG early entropy source...[0m
[0;32mI (59) boot: Partition Table:[0m
[0;32mI (62) boot: ## Label            Usage          Type ST Offset   Length[0m
[0;32mI (70) boot:  0 nvs              WiFi data        01 02 00009000 00006000[0m
[0;32mI (77) boot:  1 phy_init         RF data          01 01 0000f000 00001000[0m
[0;32mI (84) boot:  2 factory          factory app      00 00 00010000 00100000[0m
[0;32mI (92) boot: End of partition table[0m
[0;32mI (96) esp_image: segment 0: paddr=00010020 vaddr=3f400020 size=1d7f8h (120824) map[0m
[0;32mI (146) esp_image: segment 1: paddr=0002d820 vaddr=3ffb0000 size=023c4h (  9156) load[0m
[0;32mI (150) esp_image: segment 2: paddr=0002fbec vaddr=40080000 size=0042ch (  1068) load[0m
[0;32mI (152) esp_image: segment 3: paddr=00030020 vaddr=400d0020 size=510ach (331948) map[0m
[0;32mI (274) esp_image: segment 4: paddr=000810d4 vaddr=4008042c size=0cd00h ( 52480) load[0m
[0;32mI (301) boot: Loaded app from partition at offset 0x10000[0m
[0;32mI (302) boot: Disabling RNG early entropy source...[0m
[0;32mI (313) cpu_start: Multicore app[0m
[0;32mI (322) cpu_start: Pro cpu start user code[0m
[0;32mI (322) cpu_start: cpu freq: 160000000 Hz[0m
[0;32mI (322) cpu_start: Application information:[0m
[0;32mI (325) cpu_start: Project name:     test_mqtt[0m
[0;32mI (330) cpu_start: App version:      1[0m
[0;32mI (334) cpu_start: Compile time:     May 10 2024 22:10:29[0m
[0;32mI (340) cpu_start: ELF file SHA256:  b5093fbe1...[0m
[0;32mI (346) cpu_start: ESP-IDF:          v5.2.1-dirty[0m
[0;32mI (351) cpu_start: Min chip rev:     v0.0[0m
[0;32mI (356) cpu_start: Max chip rev:     v3.99 [0m
[0;32mI (361) cpu_start: Chip rev:         v3.0[0m
[0;32mI (366) heap_init: Initializing. RAM available for dynamic allocation:[0m
[0;32mI (373) heap_init: At 3FFAE6E0 len 00001920 (6 KiB): DRAM[0m
[0;32mI (379) heap_init: At 3FFB3A40 len 0002C5C0 (177 KiB): DRAM[0m
[0;32mI (385) heap_init: At 3FFE0440 len 00003AE0 (14 KiB): D/IRAM[0m
[0;32mI (391) heap_init: At 3FFE4350 len 0001BCB0 (111 KiB): D/IRAM[0m
[0;32mI (398) heap_init: At 4008D12C len 00012ED4 (75 KiB): IRAM[0m
[0;32mI (406) spi_flash: detected chip: generic[0m
[0;32mI (409) spi_flash: flash io: dio[0m
[0;33mW (413) ADC: legacy driver is deprecated, please migrate to `esp_adc/adc_oneshot.h`[0m
[0;32mI (422) main_task: Started on CPU0[0m
[0;32mI (432) main_task: Calling app_main()[0m
[0;32mI (432) gpio: GPIO[12]| InputEn: 1| OutputEn: 0| OpenDrain: 0| Pullup: 1| Pulldown: 0| Intr:0 [0m
[0;32mI (432) mqtt_example: Other event id:7[0m

assert failed: tcpip_send_msg_wait_sem /IDF/components/lwip/lwip/src/api/tcpip.c:449 (Invalid mbox)


Backtrace: 0x40081726:0x3ffb8b90 0x40085979:0x3ffb8bb0 0x4008bbf9:0x3ffb8bd0 0x400ff7e2:0x3ffb8cf0 0x4010c059:0x3ffb8d20 0x400fd7d5:0x3ffb8d60 0x400df496:0x3ffb8db0 0x400df7a3:0x3ffb8e10 0x400dfcf3:0x3ffb8e80 0x400e1039:0x3ffb8ea0 0x4011d2ed:0x3ffb8ec0 0x400d8979:0x3ffb8ee0 0x40086309:0x3ffb8f10




ELF file SHA256: b5093fbe1

Rebooting...
ets Jul 29 2019 12:21:46

rst:0xc (SW_CPU_RESET),boot:0x13 (SPI_FAST_FLASH_BOOT)
configsip: 0, SPIWP:0xee
clk_drv:0x00,q_drv:0x00,d_drv:0x00,cs0_drv:0x00,hd_drv:0x00,wp_drv:0x00
mode:DIO, clock div:2
load:0x3fff0030,len:7172
load:0x40078000,len:15540
load:0x40080400,len:4
ho 8 tail 4 room 4
load:0x40080404,len:3904
entry 0x40080640
[0;32mI (31) boot: ESP-IDF v5.2.1-dirty 2nd stage bootloader[0m
[0;32mI (31) boot: compile time May 10 2024 22:10:54[0m
[0;32mI (31) boot: Multicore bootloader[0m
[0;32mI (36) boot: chip revision: v3.0[0m
[0;32mI (40) boot.esp32: SPI Speed      : 40MHz[0m
[0;32mI (44) boot.esp32: SPI Mode       : DIO[0m
[0;32mI (49) boot.esp32: SPI Flash Size : 4MB[0m
[0;32mI (53) boot: Enabling RNG early entropy source...[0m
[0;32mI (59) boot: Partition Table:[0m
[0;32mI (62) boot: ## Label            Usage          Type ST Offset   Length[0m
[0;32mI (70) boot:  0 nvs              WiFi data        01 02 00009000 00006000[0m
[0;32mI (77) boot:  1 phy_init         RF data          01 01 0000f000 00001000[0m
[0;32mI (84) boot:  2 factory          factory app      00 00 00010000 00100000[0m
[0;32mI (92) boot: End of partition table[0m
[0;32mI (96) esp_image: segment 0: paddr=00010020 vaddr=3f400020 size=1d7f8h (120824) map[0m
[0;32mI (146) esp_image: segment 1: paddr=0002d820 vaddr=3ffb0000 size=023c4h (  9156) load[0m
[0;32mI (150) esp_image: segment 2: paddr=0002fbec vaddr=40080000 size=0042ch (  1068) load[0m
[0;32mI (152) esp_image: segment 3: paddr=00030020 vaddr=400d0020 size=510ach (331948) map[0m
[0;32mI (274) esp_image: segment 4: paddr=000810d4 vaddr=4008042c size=0cd00h ( 52480) load[0m
[0;32mI (301) boot: Loaded app from partition at offset 0x10000[0m
[0;32mI (302) boot: Disabling RNG early entropy source...[0m
[0;32mI (313) cpu_start: Multicore app[0m
[0;32mI (322) cpu_start: Pro cpu start user code[0m
[0;32mI (322) cpu_start: cpu freq: 160000000 Hz[0m
[0;32mI (322) cpu_start: Application information:[0m
[0;32mI (325) cpu_start: Project name:     test_mqtt[0m
[0;32mI (330) cpu_start: App version:      1[0m
[0;32mI (334) cpu_start: Compile time:     May 10 2024 22:10:29[0m
[0;32mI (341) cpu_start: ELF file SHA256:  b5093fbe1...[0m
[0;32mI (346) cpu_start: ESP-IDF:          v5.2.1-dirty[0m
[0;32mI (351) cpu_start: Min chip rev:     v0.0[0m
[0;32mI (356) cpu_start: Max chip rev:     v3.99 [0m
[0;32mI (361) cpu_start: Chip rev:         v3.0[0m
[0;32mI (366) heap_init: Initializing. RAM available for dynamic allocation:[0m
[0;32mI (373) heap_init: At 3FFAE6E0 len 00001920 (6 KiB): DRAM[0m
[0;32mI (379) heap_init: At 3FFB3A40 len 0002C5C0 (177 KiB): DRAM[0m
[0;32mI (385) heap_init: At 3FFE0440 len 00003AE0 (14 KiB): D/IRAM[0m
[0;32mI (391) heap_init: At 3FFE4350 len 0001BCB0 (111 KiB): D/IRAM[0m
[0;32mI (398) heap_init: At 4008D12C len 00012ED4 (75 KiB): IRAM[0m
[0;32mI (406) spi_flash: detected chip: generic[0m
[0;32mI (409) spi_flash: flash io: dio[0m
[0;33mW (413) ADC: legacy driver is deprecated, please migrate to `esp_adc/adc_oneshot.h`[0m
[0;32mI (422) main_task: Started on CPU0[0m
[0;32mI (432) main_task: Calling app_main()[0m
[0;32mI (432) gpio: GPIO[12]| InputEn: 1| OutputEn: 0| OpenDrain: 0| Pullup: 1| Pulldown: 0| Intr:0 [0m
[0;32mI (432) mqtt_example: Other event id:7[0m

assert failed: tcpip_send_msg_wait_sem /IDF/components/lwip/lwip/src/api/tcpip.c:449 (Invalid mbox)


Backtrace: 0x40081726:0x3ffb8b90 0x40085979:0x3ffb8bb0 0x4008bbf9:0x3ffb8bd0 0x400ff7e2:0x3ffb8cf0 0x4010c059:0x3ffb8d20 0x400fd7d5:0x3ffb8d60 0x400df496:0x3ffb8db0 0x400df7a3:0x3ffb8e10 0x400dfcf3:0x3ffb8e80 0x400e1039:0x3ffb8ea0 0x4011d2ed:0x3ffb8ec0 0x400d8979:0x3ffb8ee0 0x40086309:0x3ffb8f10




ELF file SHA256: b5093fbe1

Rebooting...
ets Jul 29 2019 12:21:46

rst:0xc (SW_CPU_RESET),boot:0x13 (SPI_FAST_FLASH_BOOT)
configsip: 0, SPIWP:0xee
clk_drv:0x00,q_drv:0x00,d_drv:0x00,cs0_drv:0x00,hd_drv:0x00,wp_drv:0x00
mode:DIO, clock div:2
load:0x3fff0030,len:7172
load:0x40078000,len:15540
load:0x40080400,len:4
ho 8 tail 4 room 4
load:0x40080404,len:3904
entry 0x40080640
[0;32mI (31) boot: ESP-IDF v5.2.1-dirty 2nd stage bootloader[0m
[0;32mI (31) boot: compile time May 10 2024 22:10:54[0m
[0;32mI (31) boot: Multicore bootloader[0m
[0;32mI (36) boot: chip revision: v3.0[0m
[0;32mI (40) boot.esp32: SPI Speed      : 40MHz[0m
[0;32mI (44) boot.esp32: SPI Mode       : DIO[0m
[0;32mI (49) boot.esp32: SPI Flash Size : 4MB[0m
[0;32mI (53) boot: Enabling RNG early entropy source...[0m
[0;32mI (59) boot: Partition Table:[0m
[0;32mI (62) boot: ## Label            Usage          Type ST Offset   Length[0m
[0;32mI (70) boot:  0 nvs              WiFi data        01 02 00009000 00006000[0m
[0;32mI (77) boot:  1 phy_init         RF data          01 01 0000f000 00001000[0m
[0;32mI (84) boot:  2 factory          factory app      00 00 00010000 00100000[0m
[0;32mI (92) boot: End of partition table[0m
[0;32mI (96) esp_image: segment 0: paddr=00010020 vaddr=3f400020 size=1d7f8h (120824) map[0m
[0;32mI (146) esp_image: segment 1: paddr=0002d820 vaddr=3ffb0000 size=023c4h (  9156) load[0m
[0;32mI (150) esp_image: segment 2: paddr=0002fbec vaddr=40080000 size=0042ch (  1068) load[0m
[0;32mI (152) esp_image: segment 3: paddr=00030020 vaddr=400d0020 size=510ach (331948) map[0m
[0;32mI (274) esp_image: segment 4: paddr=000810d4 vaddr=4008042c size=0cd00h ( 52480) load[0m
[0;32mI (301) boot: Loaded app from partition at offset 0x10000[0m
[0;32mI (302) boot: Disabling RNG early entropy source...[0m
[0;32mI (313) cpu_start: Multicore app[0m
[0;32mI (322) cpu_start: Pro cpu start user code[0m
[0;32mI (322) cpu_start: cpu freq: 160000000 Hz[0m
[0;32mI (322) cpu_start: Application information:[0m
[0;32mI (325) cpu_start: Project name:     test_mqtt[0m
[0;32mI (330) cpu_start: App version:      1[0m
[0;32mI (334) cpu_start: Compile time:     May 10 2024 22:10:29[0m
[0;32mI (340) cpu_start: ELF file SHA256:  b5093fbe1...[0m
[0;32mI (346) cpu_start: ESP-IDF:          v5.2.1-dirty[0m
[0;32mI (351) cpu_start: Min chip rev:     v0.0[0m
[0;32mI (356) cpu_start: Max chip rev:     v3.99 [0m
[0;32mI (361) cpu_start: Chip rev:         v3.0[0m
[0;32mI (366) heap_init: Initializing. RAM available for dynamic allocation:[0m
[0;32mI (373) heap_init: At 3FFAE6E0 len 00001920 (6 KiB): DRAM[0m
[0;32mI (379) heap_init: At 3FFB3A40 len 0002C5C0 (177 KiB): DRAM[0m
[0;32mI (385) heap_init: At 3FFE0440 len 00003AE0 (14 KiB): D/IRAM[0m
[0;32mI (391) heap_init: At 3FFE4350 len 0001BCB0 (111 KiB): D/IRAM[0m
[0;32mI (398) heap_init: At 4008D12C len 00012ED4 (75 KiB): IRAM[0m
[0;32mI (406) spi_flash: detected chip: generic[0m
[0;32mI (409) spi_flash: flash io: dio[0m
[0;33mW (413) ADC: legacy driver is deprecated, please migrate to `esp_adc/adc_oneshot.h`[0m
[0;32mI (422) main_task: Started on CPU0[0m
[0;32mI (432) main_task: Calling app_main()[0m
[0;32mI (432) gpio: GPIO[12]| InputEn: 1| OutputEn: 0| OpenDrain: 0| Pullup: 1| Pulldown: 0| Intr:0 [0m
[0;32mI (432) mqtt_example: Other event id:7[0m

assert failed: tcpip_send_msg_wait_sem /IDF/components/lwip/lwip/src/api/tcpip.c:449 (Invalid mbox)


Backtrace: 0x40081726:0x3ffb8b90 0x40085979:0x3ffb8bb0 0x4008bbf9:0x3ffb8bd0 0x400ff7e2:0x3ffb8cf0 0x4010c059:0x3ffb8d20 0x400fd7d5:0x3ffb8d60 0x400df496:0x3ffb8db0 0x400df7a3:0x3ffb8e10 0x400dfcf3:0x3ffb8e80 0x400e1039:0x3ffb8ea0 0x4011d2ed:0x3ffb8ec0 0x400d8979:0x3ffb8ee0 0x40086309:0x3ffb8f10




ELF file SHA256: b5093fbe1

Rebooting...
ets Jul 29 2019 12:21:46

rst:0xc (SW_CPU_RESET),boot:0x13 (SPI_FAST_FLASH_BOOT)
configsip: 0, SPIWP:0xee
clk_drv:0x00,q_drv:0x00,d_drv:0x00,cs0_drv:0x00,hd_drv:0x00,wp_drv:0x00
mode:DIO, clock div:2
load:0x3fff0030,len:7172
load:0x40078000,len:15540
load:0x40080400,len:4
ho 8 tail 4 room 4
load:0x40080404,len:3904
entry 0x40080640
[0;32mI (31) boot: ESP-IDF v5.2.1-dirty 2nd stage bootloader[0m
[0;32mI (31) boot: compile time May 10 2024 22:10:54[0m
[0;32mI (31) boot: Multicore bootloader[0m
[0;32mI (36) boot: chip revision: v3.0[0m
[0;32mI (40) boot.esp32: SPI Speed      : 40MHz[0m
[0;32mI (44) boot.esp32: SPI Mode       : DIO[0m
[0;32mI (49) boot.esp32: SPI Flash Size : 4MB[0m
[0;32mI (53) boot: Enabling RNG early entropy source...[0m
[0;32mI (59) boot: Partition Table:[0m
[0;32mI (62) boot: ## Label            Usage          Type ST Offset   Length[0m
[0;32mI (70) boot:  0 nvs              WiFi data        01 02 00009000 00006000[0m
[0;32mI (77) boot:  1 phy_init         RF data          01 01 0000f000 00001000[0m
[0;32mI (84) boot:  2 factory          factory app      00 00 00010000 00100000[0m
[0;32mI (92) boot: End of partition table[0m
[0;32mI (96) esp_image: segment 0: paddr=00010020 vaddr=3f400020 size=1d7f8h (120824) map[0m
[0;32mI (146) esp_image: segment 1: paddr=0002d820 vaddr=3ffb0000 size=023c4h (  9156) load[0m
[0;32mI (150) esp_image: segment 2: paddr=0002fbec vaddr=40080000 size=0042ch (  1068) load[0m
[0;32mI (152) esp_image: segment 3: paddr=00030020 vaddr=400d0020 size=510ach (331948) map[0m
[0;32mI (274) esp_image: segment 4: paddr=000810d4 vaddr=4008042c size=0cd00h ( 52480) load[0m
[0;32mI (301) boot: Loaded app from partition at offset 0x10000[0m
[0;32mI (302) boot: Disabling RNG early entropy source...[0m
[0;32mI (313) cpu_start: Multicore app[0m
[0;32mI (322) cpu_start: Pro cpu start user code[0m
[0;32mI (322) cpu_start: cpu freq: 160000000 Hz[0m
[0;32mI (322) cpu_start: Application information:[0m
[0;32mI (325) cpu_start: Project name:     test_mqtt[0m
[0;32mI (330) cpu_start: App version:      1[0m
[0;32mI (334) cpu_start: Compile time:     May 10 2024 22:10:29[0m
[0;32mI (341) cpu_start: ELF file SHA256:  b5093fbe1...[0m
[0;32mI (346) cpu_start: ESP-IDF:          v5.2.1-dirty[0m
[0;32mI (351) cpu_start: Min chip rev:     v0.0[0m
[0;32mI (356) cpu_start: Max chip rev:     v3.99 [0m
[0;32mI (361) cpu_start: Chip rev:         v3.0[0m
[0;32mI (366) heap_init: Initializing. RAM available for dynamic allocation:[0m
[0;32mI (373) heap_init: At 3FFAE6E0 len 00001920 (6 KiB): DRAM[0m
[0;32mI (379) heap_init: At 3FFB3A40 len 0002C5C0 (177 KiB): DRAM[0m
[0;32mI (385) heap_init: At 3FFE0440 len 00003AE0 (14 KiB): D/IRAM[0m
[0;32mI (391) heap_init: At 3FFE4350 len 0001BCB0 (111 KiB): D/IRAM[0m
[0;32mI (398) heap_init: At 4008D12C len 00012ED4 (75 KiB): IRAM[0m
[0;32mI (406) spi_flash: detected chip: generic[0m
[0;32mI (409) spi_flash: flash io: dio[0m
[0;33mW (413) ADC: legacy driver is deprecated, please migrate to `esp_adc/adc_oneshot.h`[0m
[0;32mI (422) main_task: Started on CPU0[0m
[0;32mI (432) main_task: Calling app_main()[0m
[0;32mI (432) gpio: GPIO[12]| InputEn: 1| OutputEn: 0| OpenDrain: 0| Pullup: 1| Pulldown: 0| Intr:0 [0m
[0;32mI (432) mqtt_example: Other event id:7[0m

assert failed: tcpip_send_msg_wait_sem /IDF/components/lwip/lwip/src/api/tcpip.c:449 (Invalid mbox)


Backtrace: 0x40081726:0x3ffb8b90 0x40085979:0x3ffb8bb0 0x4008bbf9:0x3ffb8bd0 0x400ff7e2:0x3ffb8cf0 0x4010c059:0x3ffb8d20 0x400fd7d5:0x3ffb8d60 0x400df496:0x3ffb8db0 0x400df7a3:0x3ffb8e10 0x400dfcf3:0x3ffb8e80 0x400e1039:0x3ffb8ea0 0x4011d2ed:0x3ffb8ec0 0x400d8979:0x3ffb8ee0 0x40086309:0x3ffb8f10




ELF file SHA256: b5093fbe1

Rebooting...
ets Jul 29 2019 12:21:46

rst:0xc (SW_CPU_RESET),boot:0x13 (SPI_FAST_FLASH_BOOT)
configsip: 0, SPIWP:0xee
clk_drv:0x00,q_drv:0x00,d_drv:0x00,cs0_drv:0x00,hd_drv:0x00,wp_drv:0x00
mode:DIO, clock div:2
load:0x3fff0030,len:7172
load:0x40078000,len:15540
load:0x40080400,len:4
ho 8 tail 4 room 4
load:0x40080404,len:3904
entry 0x40080640
[0;32mI (31) boot: ESP-IDF v5.2.1-dirty 2nd stage bootloader[0m
[0;32mI (31) boot: compile time May 10 2024 22:10:54[0m
[0;32mI (31) boot: Multicore bootloader[0m
[0;32mI (36) boot: chip revision: v3.0[0m
[0;32mI (40) boot.esp32: SPI Speed      : 40MHz[0m
[0;32mI (44) boot.esp32: SPI Mode       : DIO[0m
[0;32mI (49) boot.esp32: SPI Flash Size : 4MB[0m
[0;32mI (53) boot: Enabling RNG early entropy source...[0m
[0;32mI (59) boot: Partition Table:[0m
[0;32mI (62) boot: ## Label            Usage          Type ST Offset   Length[0m
[0;32mI (70) boot:  0 nvs              WiFi data        01 02 00009000 00006000[0m
[0;32mI (77) boot:  1 phy_init         RF data          01 01 0000f000 00001000[0m
[0;32mI (84) boot:  2 factory          factory app      00 00 00010000 00100000[0m
[0;32mI (92) boot: End of partition table[0m
[0;32mI (96) esp_image: segment 0: paddr=00010020 vaddr=3f400020 size=1d7f8h (120824) map[0m
[0;32mI (146) esp_image: segment 1: paddr=0002d820 vaddr=3ffb0000 size=023c4h (  9156) load[0m
[0;32mI (150) esp_image: segment 2: paddr=0002fbec vaddr=40080000 size=0042ch (  1068) load[0m
[0;32mI (152) esp_image: segment 3: paddr=00030020 vaddr=400d0020 size=510ach (331948) map[0m
[0;32mI (274) esp_image: segment 4: paddr=000810d4 vaddr=4008042c size=0cd00h ( 52480) load[0m
[0;32mI (301) boot: Loaded app from partition at offset 0x10000[0m
[0;32mI (302) boot: Disabling RNG early entropy source...[0m
[0;32mI (313) cpu_start: Multicore app[0m
[0;32mI (322) cpu_start: Pro cpu start user code[0m
[0;32mI (322) cpu_start: cpu freq: 160000000 Hz[0m
[0;32mI (322) cpu_start: Application information:[0m
[0;32mI (325) cpu_start: Project name:     test_mqtt[0m
[0;32mI (330) cpu_start: App version:      1[0m
[0;32mI (334) cpu_start: Compile time:     May 10 2024 22:10:29[0m
[0;32mI (341) cpu_start: ELF file SHA256:  b5093fbe1...[0m
[0;32mI (346) cpu_start: ESP-IDF:          v5.2.1-dirty[0m
[0;32mI (351) cpu_start: Min chip rev:     v0.0[0m
[0;32mI (356) cpu_start: Max chip rev:     v3.99 [0m
[0;32mI (361) cpu_start: Chip rev:         v3.0[0m
[0;32mI (366) heap_init: Initializing. RAM available for dynamic allocation:[0m
[0;32mI (373) heap_init: At 3FFAE6E0 len 00001920 (6 KiB): DRAM[0m
[0;32mI (379) heap_init: At 3FFB3A40 len 0002C5C0 (177 KiB): DRAM[0m
[0;32mI (385) heap_init: At 3FFE0440 len 00003AE0 (14 KiB): D/IRAM[0m
[0;32mI (391) heap_init: At 3FFE4350 len 0001BCB0 (111 KiB): D/IRAM[0m
[0;32mI (398) heap_init: At 4008D12C len 00012ED4 (75 KiB): IRAM[0m
[0;32mI (406) spi_flash: detected chip: generic[0m
[0;32mI (409) spi_flash: flash io: dio[0m
[0;33mW (413) ADC: legacy driver is deprecated, please migrate to `esp_adc/adc_oneshot.h`[0m
[0;32mI (422) main_task: Started on CPU0[0m
[0;32mI (432) main_task: Calling app_main()[0m
[0;32mI (432) gpio: GPIO[12]| InputEn: 1| OutputEn: 0| OpenDrain: 0| Pullup: 1| Pulldown: 0| Intr:0 [0m
